Archive member included to satisfy reference by file (symbol)

C:/ST/STM32CubeIDE_1.16.0/STM32CubeIDE/plugins/com.st.stm32cube.ide.mcu.externaltools.gnu-tools-for-stm32.12.3.rel1.win32_1.0.200.202406191623/tools/bin/../lib/gcc/arm-none-eabi/12.3.1/../../../../arm-none-eabi/lib/thumb/v7e-m+fp/hard\libc_nano.a(libc_a-exit.o)
                              C:/ST/STM32CubeIDE_1.16.0/STM32CubeIDE/plugins/com.st.stm32cube.ide.mcu.externaltools.gnu-tools-for-stm32.12.3.rel1.win32_1.0.200.202406191623/tools/bin/../lib/gcc/arm-none-eabi/12.3.1/../../../../arm-none-eabi/lib/thumb/v7e-m+fp/hard/crt0.o (exit)
C:/ST/STM32CubeIDE_1.16.0/STM32CubeIDE/plugins/com.st.stm32cube.ide.mcu.externaltools.gnu-tools-for-stm32.12.3.rel1.win32_1.0.200.202406191623/tools/bin/../lib/gcc/arm-none-eabi/12.3.1/../../../../arm-none-eabi/lib/thumb/v7e-m+fp/hard\libc_nano.a(libc_a-findfp.o)
                              C:/ST/STM32CubeIDE_1.16.0/STM32CubeIDE/plugins/com.st.stm32cube.ide.mcu.externaltools.gnu-tools-for-stm32.12.3.rel1.win32_1.0.200.202406191623/tools/bin/../lib/gcc/arm-none-eabi/12.3.1/../../../../arm-none-eabi/lib/thumb/v7e-m+fp/hard\libc_nano.a(libc_a-exit.o) (__stdio_exit_handler)
C:/ST/STM32CubeIDE_1.16.0/STM32CubeIDE/plugins/com.st.stm32cube.ide.mcu.externaltools.gnu-tools-for-stm32.12.3.rel1.win32_1.0.200.202406191623/tools/bin/../lib/gcc/arm-none-eabi/12.3.1/../../../../arm-none-eabi/lib/thumb/v7e-m+fp/hard\libc_nano.a(libc_a-fwalk.o)
                              C:/ST/STM32CubeIDE_1.16.0/STM32CubeIDE/plugins/com.st.stm32cube.ide.mcu.externaltools.gnu-tools-for-stm32.12.3.rel1.win32_1.0.200.202406191623/tools/bin/../lib/gcc/arm-none-eabi/12.3.1/../../../../arm-none-eabi/lib/thumb/v7e-m+fp/hard\libc_nano.a(libc_a-findfp.o) (_fwalk_sglue)
C:/ST/STM32CubeIDE_1.16.0/STM32CubeIDE/plugins/com.st.stm32cube.ide.mcu.externaltools.gnu-tools-for-stm32.12.3.rel1.win32_1.0.200.202406191623/tools/bin/../lib/gcc/arm-none-eabi/12.3.1/../../../../arm-none-eabi/lib/thumb/v7e-m+fp/hard\libc_nano.a(libc_a-stdio.o)
                              C:/ST/STM32CubeIDE_1.16.0/STM32CubeIDE/plugins/com.st.stm32cube.ide.mcu.externaltools.gnu-tools-for-stm32.12.3.rel1.win32_1.0.200.202406191623/tools/bin/../lib/gcc/arm-none-eabi/12.3.1/../../../../arm-none-eabi/lib/thumb/v7e-m+fp/hard\libc_nano.a(libc_a-findfp.o) (__sread)
C:/ST/STM32CubeIDE_1.16.0/STM32CubeIDE/plugins/com.st.stm32cube.ide.mcu.externaltools.gnu-tools-for-stm32.12.3.rel1.win32_1.0.200.202406191623/tools/bin/../lib/gcc/arm-none-eabi/12.3.1/../../../../arm-none-eabi/lib/thumb/v7e-m+fp/hard\libc_nano.a(libc_a-memset.o)
                              C:/ST/STM32CubeIDE_1.16.0/STM32CubeIDE/plugins/com.st.stm32cube.ide.mcu.externaltools.gnu-tools-for-stm32.12.3.rel1.win32_1.0.200.202406191623/tools/bin/../lib/gcc/arm-none-eabi/12.3.1/../../../../arm-none-eabi/lib/thumb/v7e-m+fp/hard/crt0.o (memset)
C:/ST/STM32CubeIDE_1.16.0/STM32CubeIDE/plugins/com.st.stm32cube.ide.mcu.externaltools.gnu-tools-for-stm32.12.3.rel1.win32_1.0.200.202406191623/tools/bin/../lib/gcc/arm-none-eabi/12.3.1/../../../../arm-none-eabi/lib/thumb/v7e-m+fp/hard\libc_nano.a(libc_a-closer.o)
                              C:/ST/STM32CubeIDE_1.16.0/STM32CubeIDE/plugins/com.st.stm32cube.ide.mcu.externaltools.gnu-tools-for-stm32.12.3.rel1.win32_1.0.200.202406191623/tools/bin/../lib/gcc/arm-none-eabi/12.3.1/../../../../arm-none-eabi/lib/thumb/v7e-m+fp/hard\libc_nano.a(libc_a-stdio.o) (_close_r)
C:/ST/STM32CubeIDE_1.16.0/STM32CubeIDE/plugins/com.st.stm32cube.ide.mcu.externaltools.gnu-tools-for-stm32.12.3.rel1.win32_1.0.200.202406191623/tools/bin/../lib/gcc/arm-none-eabi/12.3.1/../../../../arm-none-eabi/lib/thumb/v7e-m+fp/hard\libc_nano.a(libc_a-reent.o)
                              C:/ST/STM32CubeIDE_1.16.0/STM32CubeIDE/plugins/com.st.stm32cube.ide.mcu.externaltools.gnu-tools-for-stm32.12.3.rel1.win32_1.0.200.202406191623/tools/bin/../lib/gcc/arm-none-eabi/12.3.1/../../../../arm-none-eabi/lib/thumb/v7e-m+fp/hard\libc_nano.a(libc_a-closer.o) (errno)
C:/ST/STM32CubeIDE_1.16.0/STM32CubeIDE/plugins/com.st.stm32cube.ide.mcu.externaltools.gnu-tools-for-stm32.12.3.rel1.win32_1.0.200.202406191623/tools/bin/../lib/gcc/arm-none-eabi/12.3.1/../../../../arm-none-eabi/lib/thumb/v7e-m+fp/hard\libc_nano.a(libc_a-impure.o)
                              C:/ST/STM32CubeIDE_1.16.0/STM32CubeIDE/plugins/com.st.stm32cube.ide.mcu.externaltools.gnu-tools-for-stm32.12.3.rel1.win32_1.0.200.202406191623/tools/bin/../lib/gcc/arm-none-eabi/12.3.1/../../../../arm-none-eabi/lib/thumb/v7e-m+fp/hard\libc_nano.a(libc_a-reent.o) (_impure_ptr)
C:/ST/STM32CubeIDE_1.16.0/STM32CubeIDE/plugins/com.st.stm32cube.ide.mcu.externaltools.gnu-tools-for-stm32.12.3.rel1.win32_1.0.200.202406191623/tools/bin/../lib/gcc/arm-none-eabi/12.3.1/../../../../arm-none-eabi/lib/thumb/v7e-m+fp/hard\libc_nano.a(libc_a-lseekr.o)
[...]
Memory Configuration

Name             Origin             Length             Attributes
CCMRAM           0x10000000         0x00001000         xrw
RAM              0x20000000         0x00003000         xrw
FLASH            0x08000000         0x00010000         xr
*default*        0x00000000         0xffffffff

Linker script and memory map

LOAD C:/ST/STM32CubeIDE_1.16.0/STM32CubeIDE/plugins/com.st.stm32cube.ide.mcu.externaltools.gnu-tools-for-stm32.12.3.rel1.win32_1.0.200.202406191623/tools/bin/../lib/gcc/arm-none-eabi/12.3.1/thumb/v7e-m+fp/hard/crti.o
LOAD C:/ST/STM32CubeIDE_1.16.0/STM32CubeIDE/plugins/com.st.stm32cube.ide.mcu.externaltools.gnu-tools-for-stm32.12.3.rel1.win32_1.0.200.202406191623/tools/bin/../lib/gcc/arm-none-eabi/12.3.1/thumb/v7e-m+fp/hard/crtbegin.o
LOAD C:/ST/STM32CubeIDE_1.16.0/STM32CubeIDE/plugins/com.st.stm32cube.ide.mcu.externaltools.gnu-tools-for-stm32.12.3.rel1.win32_1.0.200.202406191623/tools/bin/../lib/gcc/arm-none-eabi/12.3.1/../../../../arm-none-eabi/lib/thumb/v7e-m+fp/hard/crt0.o
LOAD ./Core/Src/button_control.o
LOAD ./Core/Src/eeprom_control.o
LOAD ./Core/Src/led_control.o
LOAD ./Core/Src/main.o
LOAD ./Core/Src/motor_control.o
LOAD ./Core/Src/stm32f3xx_hal_msp.o
LOAD ./Core/Src/stm32f3xx_it.o
LOAD ./Core/Src/syscalls.o
LOAD ./Core/Src/sysmem.o
LOAD ./Core/Src/system_stm32f3xx.o
LOAD ./Core/Startup/startup_stm32f303k8tx.o
LOAD ./Drivers/STM32F3xx_HAL_Driver/Src/stm32f3xx_hal.o
LOAD ./Drivers/STM32F3xx_HAL_Driver/Src/stm32f3xx_hal_cortex.o
LOAD ./Drivers/STM32F3xx_HAL_Driver/Src/stm32f3xx_hal_dma.o
LOAD ./Drivers/STM32F3xx_HAL_Driver/Src/stm32f3xx_hal_exti.o
LOAD ./Drivers/STM32F3xx_HAL_Driver/Src/stm32f3xx_hal_flash.o
LOAD ./Drivers/STM32F3xx_HAL_Driver/Src/stm32f3xx_hal_flash_ex.o
LOAD ./Drivers/STM32F3xx_HAL_Driver/Src/stm32f3xx_hal_gpio.o
LOAD ./Drivers/STM32F3xx_HAL_Driver/Src/stm32f3xx_hal_i2c.o
LOAD ./Drivers/STM32F3xx_HAL_Driver/Src/stm32f3xx_hal_i2c_ex.o
LOAD ./Drivers/STM32F3xx_HAL_Driver/Src/stm32f3xx_hal_pwr.o
LOAD ./Drivers/STM32F3xx_HAL_Driver/Src/stm32f3xx_hal_pwr_ex.o
LOAD ./Drivers/STM32F3xx_HAL_Driver/Src/stm32f3xx_hal_rcc.o
LOAD ./Drivers/STM32F3xx_HAL_Driver/Src/stm32f3xx_hal_rcc_ex.o
LOAD ./Drivers/STM32F3xx_HAL_Driver/Src/stm32f3xx_hal_tim.o
LOAD ./Drivers/STM32F3xx_HAL_Driver/Src/stm32f3xx_hal_tim_ex.o
LOAD ./Drivers/STM32F3xx_HAL_Driver/Src/stm32f3xx_hal_uart.o
LOAD ./Drivers/STM32F3xx_HAL_Driver/Src/stm32f3xx_hal_uart_ex.o
START GROUP
LOAD C:/ST/STM32CubeIDE_1.16.0/STM32CubeIDE/plugins/com.st.stm32cube.ide.mcu.externaltools.gnu-tools-for-stm32.12.3.rel1.win32_1.0.200.202406191623/tools/bin/../lib/gcc/arm-none-eabi/12.3.1/../../../../arm-none-eabi/lib/thumb/v7e-m+fp/hard\libc_nano.a
LOAD C:/ST/STM32CubeIDE_1.16.0/STM32CubeIDE/plugins/com.st.stm32cube.ide.mcu.externaltools.gnu-tools-for-stm32.12.3.rel1.win32_1.0.200.202406191623/tools/bin/../lib/gcc/arm-none-eabi/12.3.1/../../../../arm-none-eabi/lib/thumb/v7e-m+fp/hard\libm.a
END GROUP
START GROUP
LOAD C:/ST/STM32CubeIDE_1.16.0/STM32CubeIDE/plugins/com.st.stm32cube.ide.mcu.externaltools.gnu-tools-for-stm32.12.3.rel1.win32_1.0.200.202406191623/tools/bin/../lib/gcc/arm-none-eabi/12.3.1/thumb/v7e-m+fp/hard\libgcc.a
LOAD C:/ST/STM32CubeIDE_1.16.0/STM32CubeIDE/plugins/com.st.stm32cube.ide.mcu.externaltools.gnu-tools-for-stm32.12.3.rel1.win32_1.0.200.202406191623/tools/bin/../lib/gcc/arm-none-eabi/12.3.1/../../../../arm-none-eabi/lib/thumb/v7e-m+fp/hard\libc_nano.a
END GROUP
START GROUP
LOAD C:/ST/STM32CubeIDE_1.16.0/STM32CubeIDE/plugins/com.st.stm32cube.ide.mcu.externaltools.gnu-tools-for-stm32.12.3.rel1.win32_1.0.200.202406191623/tools/bin/../lib/gcc/arm-none-eabi/12.3.1/thumb/v7e-m+fp/hard\libgcc.a
LOAD C:/ST/STM32CubeIDE_1.16.0/STM32CubeIDE/plugins/com.st.stm32cube.ide.mcu.externaltools.gnu-tools-for-stm32.12.3.rel1.win32_1.0.200.202406191623/tools/bin/../lib/gcc/arm-none-eabi/12.3.1/../../../../arm-none-eabi/lib/thumb/v7e-m+fp/hard\libc_nano.a
LOAD C:/ST/STM32CubeIDE_1.16.0/STM32CubeIDE/plugins/com.st.stm32cube.ide.mcu.externaltools.gnu-tools-for-stm32.12.3.rel1.win32_1.0.200.202406191623/tools/bin/../lib/gcc/arm-none-eabi/12.3.1/../../../../arm-none-eabi/lib/thumb/v7e-m+fp/hard\libnosys.a
END GROUP
START GROUP
LOAD C:/ST/STM32CubeIDE_1.16.0/STM32CubeIDE/plugins/com.st.stm32cube.ide.mcu.externaltools.gnu-tools-for-stm32.12.3.rel1.win32_1.0.200.202406191623/tools/bin/../lib/gcc/arm-none-eabi/12.3.1/thumb/v7e-m+fp/hard\libgcc.a
LOAD C:/ST/STM32CubeIDE_1.16.0/STM32CubeIDE/plugins/com.st.stm32cube.ide.mcu.externaltools.gnu-tools-for-stm32.12.3.rel1.win32_1.0.200.202406191623/tools/bin/../lib/gcc/arm-none-eabi/12.3.1/../../../../arm-none-eabi/lib/thumb/v7e-m+fp/hard\libc_nano.a
LOAD C:/ST/STM32CubeIDE_1.16.0/STM32CubeIDE/plugins/com.st.stm32cube.ide.mcu.externaltools.gnu-tools-for-stm32.12.3.rel1.win32_1.0.200.202406191623/tools/bin/../lib/gcc/arm-none-eabi/12.3.1/../../../../arm-none-eabi/lib/thumb/v7e-m+fp/hard\libnosys.a
END GROUP
LOAD C:/ST/STM32CubeIDE_1.16.0/STM32CubeIDE/plugins/com.st.stm32cube.ide.mcu.externaltools.gnu-tools-for-stm32.12.3.rel1.win32_1.0.200.202406191623/tools/bin/../lib/gcc/arm-none-eabi/12.3.1/thumb/v7e-m+fp/hard/crtend.o
LOAD C:/ST/STM32CubeIDE_1.16.0/STM32CubeIDE/plugins/com.st.stm32cube.ide.mcu.externaltools.gnu-tools-for-stm32.12.3.rel1.win32_1.0.200.202406191623/tools/bin/../lib/gcc/arm-none-eabi/12.3.1/thumb/v7e-m+fp/hard/crtn.o
                0x20003000                        _estack = (ORIGIN (RAM) + LENGTH (RAM))
                0x00000200                        _Min_Heap_Size = 0x200
                0x00000400                        _Min_Stack_Size = 0x400

.isr_vector     0x08000000      0x188
                0x08000000                        . = ALIGN (0x4)
 *(.isr_vector)
 .isr_vector    0x08000000      0x188 ./Core/Startup/startup_stm32f303k8tx.o
                0x08000000                g_pfnVectors
                0x08000188                        . = ALIGN (0x4)

.text           0x08000188     0x4ec4
                0x08000188                        . = ALIGN (0x4)
 *(.text)
 .text          0x08000188       0x40 C:/ST/STM32CubeIDE_1.16.0/STM32CubeIDE/plugins/com.st.stm32cube.ide.mcu.externaltools.gnu-tools-for-stm32.12.3.rel1.win32_1.0.200.202406191623/tools/bin/../lib/gcc/arm-none-eabi/12.3.1/thumb/v7e-m+fp/hard/crtbegin.o
 *(.text*)
 .text.getPasscode
                0x080001c8       0x3c ./Core/Src/button_control.o
                0x080001c8                getPasscode
 .text.setPasscode
                0x08000204       0x3c ./Core/Src/button_control.o
                0x08000204                setPasscode
 .text.readButton
                0x08000240       0xcc ./Core/Src/button_control.o
                0x08000240                readButton
 .text.scanButtons
                0x0800030c       0xc4 ./Core/Src/button_control.o
                0x0800030c                scanButtons
 .text.actionSetPasscode
                0x080003d0       0xd8 ./Core/Src/button_control.o
                0x080003d0                actionSetPasscode
 .text.actionEnterPasscode
                0x080004a8      0x104 ./Core/Src/button_control.o
                0x080004a8                actionEnterPasscode
 .text.readLockStateEEPROM
                0x080005ac       0x1e ./Core/Src/eeprom_control.o
                0x080005ac                readLockStateEEPROM
 .text.writeLockStateEEPROM
                0x080005ca       0x1e ./Core/Src/eeprom_control.o
                0x080005ca                writeLockStateEEPROM
 .text.readPasscodeEEPROM
                0x080005e8       0x1e ./Core/Src/eeprom_control.o
                0x080005e8                readPasscodeEEPROM
 .text.writePasscodeEEPROM
                0x08000606       0x1e ./Core/Src/eeprom_control.o
                0x08000606                writePasscodeEEPROM
 .text.writeEEPROM
                0x08000624      0x148 ./Core/Src/eeprom_control.o
                0x08000624                writeEEPROM
 .text.readEEPROM
                0x0800076c      0x134 ./Core/Src/eeprom_control.o
                0x0800076c                readEEPROM
 .text.errorLED
                0x080008a0        0xe ./Core/Src/led_control.o
                0x080008a0                errorLED
 .text.pendingLED
                0x080008ae        0xe ./Core/Src/led_control.o
                0x080008ae                pendingLED
 .text.successLED
                0x080008bc        0xe ./Core/Src/led_control.o
                0x080008bc                successLED
 *fill*         0x080008ca        0x2 
 .text.activateLED
                0x080008cc       0x2c ./Core/Src/led_control.o
                0x080008cc                activateLED
 .text.disableLED
                0x080008f8       0x50 ./Core/Src/led_control.o
                0x080008f8                disableLED
 .text.blinkLED
                0x08000948       0xe8 ./Core/Src/led_control.o
                0x08000948                blinkLED
 .text.print    0x08000a30       0x28 ./Core/Src/main.o
                0x08000a30                print
 .text.main     0x08000a58      0x334 ./Core/Src/main.o
                0x08000a58                main
 .text.SystemClock_Config
                0x08000d8c       0xae ./Core/Src/main.o
                0x08000d8c                SystemClock_Config
 *fill*         0x08000e3a        0x2 
 .text.MX_I2C1_Init
                0x08000e3c       0x80 ./Core/Src/main.o
 .text.MX_TIM1_Init
                0x08000ebc       0xa8 ./Core/Src/main.o
 .text.MX_TIM3_Init
                0x08000f64       0xa4 ./Core/Src/main.o
 .text.MX_USART1_UART_Init
                0x08001008       0x60 ./Core/Src/main.o
 .text.MX_GPIO_Init
                0x08001068      0x174 ./Core/Src/main.o
 .text.Error_Handler
                0x080011dc        0xc ./Core/Src/main.o
                0x080011dc                Error_Handler
 .text.powerMotor
                0x080011e8       0x78 ./Core/Src/motor_control.o
                0x080011e8                powerMotor
 .text.HAL_MspInit
                0x08001260       0x48 ./Core/Src/stm32f3xx_hal_msp.o
                0x08001260                HAL_MspInit
 .text.HAL_I2C_MspInit
                0x080012a8       0x88 ./Core/Src/stm32f3xx_hal_msp.o
                0x080012a8                HAL_I2C_MspInit
 .text.HAL_TIM_Base_MspInit
                0x08001330       0x68 ./Core/Src/stm32f3xx_hal_msp.o
                0x08001330                HAL_TIM_Base_MspInit
 .text.HAL_UART_MspInit
                0x08001398       0x88 ./Core/Src/stm32f3xx_hal_msp.o
                0x08001398                HAL_UART_MspInit
 .text.NMI_Handler
                0x08001420        0x8 ./Core/Src/stm32f3xx_it.o
                0x08001420                NMI_Handler
 .text.HardFault_Handler
                0x08001428        0x8 ./Core/Src/stm32f3xx_it.o
                0x08001428                HardFault_Handler
 .text.MemManage_Handler
                0x08001430        0x8 ./Core/Src/stm32f3xx_it.o
                0x08001430                MemManage_Handler
 .text.BusFault_Handler
                0x08001438        0x8 ./Core/Src/stm32f3xx_it.o
                0x08001438                BusFault_Handler
 .text.UsageFault_Handler
                0x08001440        0x8 ./Core/Src/stm32f3xx_it.o
                0x08001440                UsageFault_Handler
 .text.SVC_Handler
                0x08001448        0xe ./Core/Src/stm32f3xx_it.o
                0x08001448                SVC_Handler
 .text.DebugMon_Handler
                0x08001456        0xe ./Core/Src/stm32f3xx_it.o
                0x08001456                DebugMon_Handler
 .text.PendSV_Handler
                0x08001464        0xe ./Core/Src/stm32f3xx_it.o
                0x08001464                PendSV_Handler
 .text.SysTick_Handler
                0x08001472       0x10 ./Core/Src/stm32f3xx_it.o
                0x08001472                SysTick_Handler
 .text.EXTI9_5_IRQHandler
                0x08001482       0x10 ./Core/Src/stm32f3xx_it.o
                0x08001482                EXTI9_5_IRQHandler
 *fill*         0x08001492        0x2 
 .text.HAL_GPIO_EXTI_Callback
                0x08001494       0x7c ./Core/Src/stm32f3xx_it.o
                0x08001494                HAL_GPIO_EXTI_Callback
 .text.SystemInit
                0x08001510       0x24 ./Core/Src/system_stm32f3xx.o
                0x08001510                SystemInit
 .text.Reset_Handler
                0x08001534       0x50 ./Core/Startup/startup_stm32f303k8tx.o
                0x08001534                Reset_Handler
 .text.Default_Handler
                0x08001584        0x2 ./Core/Startup/startup_stm32f303k8tx.o
                0x08001584                RTC_Alarm_IRQHandler
                0x08001584                TIM1_CC_IRQHandler
                0x08001584                PVD_IRQHandler
                0x08001584                TAMP_STAMP_IRQHandler
                0x08001584                EXTI3_IRQHandler
                0x08001584                EXTI0_IRQHandler
                0x08001584                FPU_IRQHandler
                0x08001584                CAN_TX_IRQHandler
                0x08001584                TIM1_UP_TIM16_IRQHandler
                0x08001584                ADC1_2_IRQHandler
                0x08001584                SPI1_IRQHandler
                0x08001584                CAN_SCE_IRQHandler
                0x08001584                DMA1_Channel4_IRQHandler
                0x08001584                USART3_IRQHandler
                0x08001584                DMA1_Channel7_IRQHandler
                0x08001584                TIM7_DAC2_IRQHandler
                0x08001584                CAN_RX1_IRQHandler
                0x08001584                I2C1_EV_IRQHandler
                0x08001584                DMA1_Channel6_IRQHandler
                0x08001584                TIM3_IRQHandler
                0x08001584                RCC_IRQHandler
                0x08001584                DMA1_Channel1_IRQHandler
                0x08001584                Default_Handler
                0x08001584                EXTI15_10_IRQHandler
                0x08001584                COMP2_IRQHandler
                0x08001584                TIM6_DAC1_IRQHandler
                0x08001584                RTC_WKUP_IRQHandler
                0x08001584                DMA1_Channel5_IRQHandler
                0x08001584                EXTI4_IRQHandler
                0x08001584                TIM1_TRG_COM_TIM17_IRQHandler
                0x08001584                DMA1_Channel3_IRQHandler
                0x08001584                WWDG_IRQHandler
                0x08001584                TIM2_IRQHandler
                0x08001584                EXTI1_IRQHandler
                0x08001584                COMP4_6_IRQHandler
                0x08001584                USART2_IRQHandler
                0x08001584                DMA1_Channel2_IRQHandler
                0x08001584                FLASH_IRQHandler
                0x08001584                USART1_IRQHandler
                0x08001584                CAN_RX0_IRQHandler
                0x08001584                I2C1_ER_IRQHandler
                0x08001584                EXTI2_TSC_IRQHandler
                0x08001584                TIM1_BRK_TIM15_IRQHandler
 *fill*         0x08001586        0x2 
 .text.HAL_Init
                0x08001588       0x2c ./Drivers/STM32F3xx_HAL_Driver/Src/stm32f3xx_hal.o
                0x08001588                HAL_Init
 .text.HAL_InitTick
                0x080015b4       0x60 ./Drivers/STM32F3xx_HAL_Driver/Src/stm32f3xx_hal.o
                0x080015b4                HAL_InitTick
 .text.HAL_IncTick
                0x08001614       0x28 ./Drivers/STM32F3xx_HAL_Driver/Src/stm32f3xx_hal.o
                0x08001614                HAL_IncTick
 .text.HAL_GetTick
                0x0800163c       0x18 ./Drivers/STM32F3xx_HAL_Driver/Src/stm32f3xx_hal.o
                0x0800163c                HAL_GetTick
 .text.HAL_Delay
                0x08001654       0x48 ./Drivers/STM32F3xx_HAL_Driver/Src/stm32f3xx_hal.o
                0x08001654                HAL_Delay
 .text.__NVIC_SetPriorityGrouping
                0x0800169c       0x48 ./Drivers/STM32F3xx_HAL_Driver/Src/stm32f3xx_hal_cortex.o
 .text.__NVIC_GetPriorityGrouping
                0x080016e4       0x1c ./Drivers/STM32F3xx_HAL_Driver/Src/stm32f3xx_hal_cortex.o
 .text.__NVIC_EnableIRQ
                0x08001700       0x3c ./Drivers/STM32F3xx_HAL_Driver/Src/stm32f3xx_hal_cortex.o
 .text.__NVIC_SetPriority
                0x0800173c       0x54 ./Drivers/STM32F3xx_HAL_Driver/Src/stm32f3xx_hal_cortex.o
 .text.NVIC_EncodePriority
                0x08001790       0x66 ./Drivers/STM32F3xx_HAL_Driver/Src/stm32f3xx_hal_cortex.o
 *fill*         0x080017f6        0x2 
 .text.SysTick_Config
                0x080017f8       0x44 ./Drivers/STM32F3xx_HAL_Driver/Src/stm32f3xx_hal_cortex.o
 .text.HAL_NVIC_SetPriorityGrouping
                0x0800183c       0x16 ./Drivers/STM32F3xx_HAL_Driver/Src/stm32f3xx_hal_cortex.o
                0x0800183c                HAL_NVIC_SetPriorityGrouping
 .text.HAL_NVIC_SetPriority
                0x08001852       0x38 ./Drivers/STM32F3xx_HAL_Driver/Src/stm32f3xx_hal_cortex.o
                0x08001852                HAL_NVIC_SetPriority
 .text.HAL_NVIC_EnableIRQ
                0x0800188a       0x1c ./Drivers/STM32F3xx_HAL_Driver/Src/stm32f3xx_hal_cortex.o
                0x0800188a                HAL_NVIC_EnableIRQ
 .text.HAL_SYSTICK_Config
                0x080018a6       0x18 ./Drivers/STM32F3xx_HAL_Driver/Src/stm32f3xx_hal_cortex.o
                0x080018a6                HAL_SYSTICK_Config
 *fill*         0x080018be        0x2 
 .text.HAL_GPIO_Init
                0x080018c0      0x2e4 ./Drivers/STM32F3xx_HAL_Driver/Src/stm32f3xx_hal_gpio.o
                0x080018c0                HAL_GPIO_Init
 .text.HAL_GPIO_ReadPin
                0x08001ba4       0x30 ./Drivers/STM32F3xx_HAL_Driver/Src/stm32f3xx_hal_gpio.o
                0x08001ba4                HAL_GPIO_ReadPin
 .text.HAL_GPIO_WritePin
                0x08001bd4       0x30 ./Drivers/STM32F3xx_HAL_Driver/Src/stm32f3xx_hal_gpio.o
                0x08001bd4                HAL_GPIO_WritePin
 .text.HAL_GPIO_EXTI_IRQHandler
                0x08001c04       0x30 ./Drivers/STM32F3xx_HAL_Driver/Src/stm32f3xx_hal_gpio.o
                0x08001c04                HAL_GPIO_EXTI_IRQHandler
 .text.HAL_I2C_Init
                0x08001c34      0x136 ./Drivers/STM32F3xx_HAL_Driver/Src/stm32f3xx_hal_i2c.o
                0x08001c34                HAL_I2C_Init
 *fill*         0x08001d6a        0x2 
 .text.HAL_I2C_Master_Transmit
                0x08001d6c      0x230 ./Drivers/STM32F3xx_HAL_Driver/Src/stm32f3xx_hal_i2c.o
                0x08001d6c                HAL_I2C_Master_Transmit
 .text.HAL_I2C_Master_Receive
                0x08001f9c      0x1ec ./Drivers/STM32F3xx_HAL_Driver/Src/stm32f3xx_hal_i2c.o
                0x08001f9c                HAL_I2C_Master_Receive
 .text.HAL_I2C_IsDeviceReady
                0x08002188      0x1d8 ./Drivers/STM32F3xx_HAL_Driver/Src/stm32f3xx_hal_i2c.o
                0x08002188                HAL_I2C_IsDeviceReady
 .text.I2C_Flush_TXDR
                0x08002360       0x48 ./Drivers/STM32F3xx_HAL_Driver/Src/stm32f3xx_hal_i2c.o
 .text.I2C_WaitOnFlagUntilTimeout
                0x080023a8       0xb2 ./Drivers/STM32F3xx_HAL_Driver/Src/stm32f3xx_hal_i2c.o
 .text.I2C_WaitOnTXISFlagUntilTimeout
                0x0800245a       0x8e ./Drivers/STM32F3xx_HAL_Driver/Src/stm32f3xx_hal_i2c.o
 .text.I2C_WaitOnSTOPFlagUntilTimeout
                0x080024e8       0x86 ./Drivers/STM32F3xx_HAL_Driver/Src/stm32f3xx_hal_i2c.o
 *fill*         0x0800256e        0x2 
 .text.I2C_WaitOnRXNEFlagUntilTimeout
                0x08002570      0x118 ./Drivers/STM32F3xx_HAL_Driver/Src/stm32f3xx_hal_i2c.o
 .text.I2C_IsErrorOccurred
                0x08002688      0x1c0 ./Drivers/STM32F3xx_HAL_Driver/Src/stm32f3xx_hal_i2c.o
 .text.I2C_TransferConfig
                0x08002848       0x64 ./Drivers/STM32F3xx_HAL_Driver/Src/stm32f3xx_hal_i2c.o
 .text.HAL_I2CEx_ConfigAnalogFilter
                0x080028ac       0x96 ./Drivers/STM32F3xx_HAL_Driver/Src/stm32f3xx_hal_i2c_ex.o
                0x080028ac                HAL_I2CEx_ConfigAnalogFilter
 .text.HAL_I2CEx_ConfigDigitalFilter
                0x08002942       0x98 ./Drivers/STM32F3xx_HAL_Driver/Src/stm32f3xx_hal_i2c_ex.o
                0x08002942                HAL_I2CEx_ConfigDigitalFilter
 *fill*         0x080029da        0x2 
 .text.HAL_PWR_EnterSLEEPMode
                0x080029dc       0x38 ./Drivers/STM32F3xx_HAL_Driver/Src/stm32f3xx_hal_pwr.o
                0x080029dc                HAL_PWR_EnterSLEEPMode
 .text.HAL_RCC_OscConfig
                0x08002a14     0x107c ./Drivers/STM32F3xx_HAL_Driver/Src/stm32f3xx_hal_rcc.o
                0x08002a14                HAL_RCC_OscConfig
 .text.HAL_RCC_ClockConfig
                0x08003a90      0x2f8 ./Drivers/STM32F3xx_HAL_Driver/Src/stm32f3xx_hal_rcc.o
                0x08003a90                HAL_RCC_ClockConfig
 .text.HAL_RCC_GetSysClockFreq
                0x08003d88       0xa8 ./Drivers/STM32F3xx_HAL_Driver/Src/stm32f3xx_hal_rcc.o
                0x08003d88                HAL_RCC_GetSysClockFreq
 .text.HAL_RCC_GetHCLKFreq
                0x08003e30       0x18 ./Drivers/STM32F3xx_HAL_Driver/Src/stm32f3xx_hal_rcc.o
                0x08003e30                HAL_RCC_GetHCLKFreq
 .text.HAL_RCC_GetPCLK1Freq
                0x08003e48       0x44 ./Drivers/STM32F3xx_HAL_Driver/Src/stm32f3xx_hal_rcc.o
                0x08003e48                HAL_RCC_GetPCLK1Freq
 .text.HAL_RCC_GetPCLK2Freq
                0x08003e8c       0x44 ./Drivers/STM32F3xx_HAL_Driver/Src/stm32f3xx_hal_rcc.o
                0x08003e8c                HAL_RCC_GetPCLK2Freq
 .text.HAL_RCCEx_PeriphCLKConfig
                0x08003ed0      0x24c ./Drivers/STM32F3xx_HAL_Driver/Src/stm32f3xx_hal_rcc_ex.o
                0x08003ed0                HAL_RCCEx_PeriphCLKConfig
 .text.HAL_TIM_Base_Init
                0x0800411c       0xae ./Drivers/STM32F3xx_HAL_Driver/Src/stm32f3xx_hal_tim.o
                0x0800411c                HAL_TIM_Base_Init
 *fill*         0x080041ca        0x2 
 .text.HAL_TIM_Base_Start
                0x080041cc       0xa8 ./Drivers/STM32F3xx_HAL_Driver/Src/stm32f3xx_hal_tim.o
                0x080041cc                HAL_TIM_Base_Start
 .text.HAL_TIM_Base_Stop
                0x08004274       0x4e ./Drivers/STM32F3xx_HAL_Driver/Src/stm32f3xx_hal_tim.o
                0x08004274                HAL_TIM_Base_Stop
 .text.HAL_TIM_ConfigClockSource
                0x080042c2      0x192 ./Drivers/STM32F3xx_HAL_Driver/Src/stm32f3xx_hal_tim.o
                0x080042c2                HAL_TIM_ConfigClockSource
 .text.TIM_Base_SetConfig
                0x08004454      0x108 ./Drivers/STM32F3xx_HAL_Driver/Src/stm32f3xx_hal_tim.o
                0x08004454                TIM_Base_SetConfig
 .text.TIM_TI1_ConfigInputStage
                0x0800455c       0x5e ./Drivers/STM32F3xx_HAL_Driver/Src/stm32f3xx_hal_tim.o
 .text.TIM_TI2_ConfigInputStage
                0x080045ba       0x60 ./Drivers/STM32F3xx_HAL_Driver/Src/stm32f3xx_hal_tim.o
 .text.TIM_ITRx_SetConfig
                0x0800461a       0x36 ./Drivers/STM32F3xx_HAL_Driver/Src/stm32f3xx_hal_tim.o
 .text.TIM_ETR_SetConfig
                0x08004650       0x40 ./Drivers/STM32F3xx_HAL_Driver/Src/stm32f3xx_hal_tim.o
                0x08004650                TIM_ETR_SetConfig
 .text.HAL_TIMEx_MasterConfigSynchronization
                0x08004690       0xdc ./Drivers/STM32F3xx_HAL_Driver/Src/stm32f3xx_hal_tim_ex.o
                0x08004690                HAL_TIMEx_MasterConfigSynchronization
 .text.HAL_UART_Init
                0x0800476c       0x9c ./Drivers/STM32F3xx_HAL_Driver/Src/stm32f3xx_hal_uart.o
                0x0800476c                HAL_UART_Init
 .text.HAL_UART_Transmit
                0x08004808      0x112 ./Drivers/STM32F3xx_HAL_Driver/Src/stm32f3xx_hal_uart.o
                0x08004808                HAL_UART_Transmit
 *fill*         0x0800491a        0x2 
 .text.UART_SetConfig
                0x0800491c      0x26c ./Drivers/STM32F3xx_HAL_Driver/Src/stm32f3xx_hal_uart.o
                0x0800491c                UART_SetConfig
 .text.UART_AdvFeatureConfig
                0x08004b88      0x144 ./Drivers/STM32F3xx_HAL_Driver/Src/stm32f3xx_hal_uart.o
                0x08004b88                UART_AdvFeatureConfig
 .text.UART_CheckIdleState
                0x08004ccc      0x150 ./Drivers/STM32F3xx_HAL_Driver/Src/stm32f3xx_hal_uart.o
                0x08004ccc                UART_CheckIdleState
 .text.UART_WaitOnFlagUntilTimeout
                0x08004e1c       0xda ./Drivers/STM32F3xx_HAL_Driver/Src/stm32f3xx_hal_uart.o
                0x08004e1c                UART_WaitOnFlagUntilTimeout
 .text.UART_EndRxTransfer
                0x08004ef6       0xc8 ./Drivers/STM32F3xx_HAL_Driver/Src/stm32f3xx_hal_uart.o
 .text.memset   0x08004fbe       0x10 C:/ST/STM32CubeIDE_1.16.0/STM32CubeIDE/plugins/com.st.stm32cube.ide.mcu.externaltools.gnu-tools-for-stm32.12.3.rel1.win32_1.0.200.202406191623/tools/bin/../lib/gcc/arm-none-eabi/12.3.1/../../../../arm-none-eabi/lib/thumb/v7e-m+fp/hard\libc_nano.a(libc_a-memset.o)
                0x08004fbe                memset
 *fill*         0x08004fce        0x2 
 .text.__libc_init_array
                0x08004fd0       0x48 C:/ST/STM32CubeIDE_1.16.0/STM32CubeIDE/plugins/com.st.stm32cube.ide.mcu.externaltools.gnu-tools-for-stm32.12.3.rel1.win32_1.0.200.202406191623/tools/bin/../lib/gcc/arm-none-eabi/12.3.1/../../../../arm-none-eabi/lib/thumb/v7e-m+fp/hard\libc_nano.a(libc_a-init.o)
                0x08004fd0                __libc_init_array
 .text.memcpy   0x08005018       0x1c C:/ST/STM32CubeIDE_1.16.0/STM32CubeIDE/plugins/com.st.stm32cube.ide.mcu.externaltools.gnu-tools-for-stm32.12.3.rel1.win32_1.0.200.202406191623/tools/bin/../lib/gcc/arm-none-eabi/12.3.1/../../../../arm-none-eabi/lib/thumb/v7e-m+fp/hard\libc_nano.a(libc_a-memcpy-stub.o)
                0x08005018                memcpy
 *(.glue_7)
 .glue_7        0x08005034        0x0 linker stubs
 *(.glue_7t)
 .glue_7t       0x08005034        0x0 linker stubs
 *(.eh_frame)
 .eh_frame      0x08005034        0x0 C:/ST/STM32CubeIDE_1.16.0/STM32CubeIDE/plugins/com.st.stm32cube.ide.mcu.externaltools.gnu-tools-for-stm32.12.3.rel1.win32_1.0.200.202406191623/tools/bin/../lib/gcc/arm-none-eabi/12.3.1/thumb/v7e-m+fp/hard/crtbegin.o
 *(.init)
 .init          0x08005034        0x4 C:/ST/STM32CubeIDE_1.16.0/STM32CubeIDE/plugins/com.st.stm32cube.ide.mcu.externaltools.gnu-tools-for-stm32.12.3.rel1.win32_1.0.200.202406191623/tools/bin/../lib/gcc/arm-none-eabi/12.3.1/thumb/v7e-m+fp/hard/crti.o
                0x08005034                _init
 .init          0x08005038        0x8 C:/ST/STM32CubeIDE_1.16.0/STM32CubeIDE/plugins/com.st.stm32cube.ide.mcu.externaltools.gnu-tools-for-stm32.12.3.rel1.win32_1.0.200.202406191623/tools/bin/../lib/gcc/arm-none-eabi/12.3.1/thumb/v7e-m+fp/hard/crtn.o
 *(.fini)
 .fini          0x08005040        0x4 C:/ST/STM32CubeIDE_1.16.0/STM32CubeIDE/plugins/com.st.stm32cube.ide.mcu.externaltools.gnu-tools-for-stm32.12.3.rel1.win32_1.0.200.202406191623/tools/bin/../lib/gcc/arm-none-eabi/12.3.1/thumb/v7e-m+fp/hard/crti.o
                0x08005040                _fini
 .fini          0x08005044        0x8 C:/ST/STM32CubeIDE_1.16.0/STM32CubeIDE/plugins/com.st.stm32cube.ide.mcu.externaltools.gnu-tools-for-stm32.12.3.rel1.win32_1.0.200.202406191623/tools/bin/../lib/gcc/arm-none-eabi/12.3.1/thumb/v7e-m+fp/hard/crtn.o
                0x0800504c                        . = ALIGN (0x4)
                0x0800504c                        _etext = .

.vfp11_veneer   0x0800504c        0x0
 .vfp11_veneer  0x0800504c        0x0 linker stubs

.v4_bx          0x0800504c        0x0
 .v4_bx         0x0800504c        0x0 linker stubs

.iplt           0x0800504c        0x0
 .iplt          0x0800504c        0x0 C:/ST/STM32CubeIDE_1.16.0/STM32CubeIDE/plugins/com.st.stm32cube.ide.mcu.externaltools.gnu-tools-for-stm32.12.3.rel1.win32_1.0.200.202406191623/tools/bin/../lib/gcc/arm-none-eabi/12.3.1/thumb/v7e-m+fp/hard/crtbegin.o

.rodata         0x0800504c      0x1c8
                0x0800504c                        . = ALIGN (0x4)
 *(.rodata)
 .rodata        0x0800504c        0xc ./Core/Src/button_control.o
 .rodata        0x08005058       0xa2 ./Core/Src/eeprom_control.o
 *fill*         0x080050fa        0x2 
 .rodata        0x080050fc       0xde ./Core/Src/main.o
 *(.rodata*)
 *fill*         0x080051da        0x2 
 .rodata.AHBPrescTable
                0x080051dc       0x10 ./Core/Src/system_stm32f3xx.o
                0x080051dc                AHBPrescTable
 .rodata.APBPrescTable
                0x080051ec        0x8 ./Core/Src/system_stm32f3xx.o
                0x080051ec                APBPrescTable
 .rodata.aPLLMULFactorTable
                0x080051f4       0x10 ./Drivers/STM32F3xx_HAL_Driver/Src/stm32f3xx_hal_rcc.o
 .rodata.aPredivFactorTable
                0x08005204       0x10 ./Drivers/STM32F3xx_HAL_Driver/Src/stm32f3xx_hal_rcc.o
                0x08005214                        . = ALIGN (0x4)

.ARM.extab      0x08005214        0x0
                0x08005214                        . = ALIGN (0x4)
 *(.ARM.extab* .gnu.linkonce.armextab.*)
                0x08005214                        . = ALIGN (0x4)

.ARM            0x08005214        0x0
                0x08005214                        . = ALIGN (0x4)
                0x08005214                        __exidx_start = .
 *(.ARM.exidx*)
                0x08005214                        __exidx_end = .
                0x08005214                        . = ALIGN (0x4)

.preinit_array  0x08005214        0x0
                0x08005214                        . = ALIGN (0x4)
                0x08005214                        PROVIDE (__preinit_array_start = .)
 *(.preinit_array*)
                0x08005214                        PROVIDE (__preinit_array_end = .)
                0x08005214                        . = ALIGN (0x4)

.init_array     0x08005214        0x4
                0x08005214                        . = ALIGN (0x4)
                0x08005214                        PROVIDE (__init_array_start = .)
 *(SORT_BY_NAME(.init_array.*))
 *(.init_array*)
 .init_array    0x08005214        0x4 C:/ST/STM32CubeIDE_1.16.0/STM32CubeIDE/plugins/com.st.stm32cube.ide.mcu.externaltools.gnu-tools-for-stm32.12.3.rel1.win32_1.0.200.202406191623/tools/bin/../lib/gcc/arm-none-eabi/12.3.1/thumb/v7e-m+fp/hard/crtbegin.o
                0x08005218                        PROVIDE (__init_array_end = .)
                0x08005218                        . = ALIGN (0x4)

.fini_array     0x08005218        0x4
                0x08005218                        . = ALIGN (0x4)
                [!provide]                        PROVIDE (__fini_array_start = .)
 *(SORT_BY_NAME(.fini_array.*))
 *(.fini_array*)
 .fini_array    0x08005218        0x4 C:/ST/STM32CubeIDE_1.16.0/STM32CubeIDE/plugins/com.st.stm32cube.ide.mcu.externaltools.gnu-tools-for-stm32.12.3.rel1.win32_1.0.200.202406191623/tools/bin/../lib/gcc/arm-none-eabi/12.3.1/thumb/v7e-m+fp/hard/crtbegin.o
                [!provide]                        PROVIDE (__fini_array_end = .)
                0x0800521c                        . = ALIGN (0x4)
                0x0800521c                        _sidata = LOADADDR (.data)

.rel.dyn        0x0800521c        0x0
 .rel.iplt      0x0800521c        0x0 C:/ST/STM32CubeIDE_1.16.0/STM32CubeIDE/plugins/com.st.stm32cube.ide.mcu.externaltools.gnu-tools-for-stm32.12.3.rel1.win32_1.0.200.202406191623/tools/bin/../lib/gcc/arm-none-eabi/12.3.1/thumb/v7e-m+fp/hard/crtbegin.o

.data           0x20000000       0x58 load address 0x0800521c
                0x20000000                        . = ALIGN (0x4)
                0x20000000                        _sdata = .
 *(.data)
 *(.data*)
 .data.OUT_PORT
                0x20000000        0xc ./Core/Src/button_control.o
 .data.OUT_PIN  0x2000000c        0x6 ./Core/Src/button_control.o
 *fill*         0x20000012        0x2 
 .data.IN_PORT  0x20000014       0x10 ./Core/Src/button_control.o
 .data.IN_PIN   0x20000024        0x8 ./Core/Src/button_control.o
 .data.LED_TIMEOUTS
                0x2000002c        0x8 ./Core/Src/led_control.o
 .data.LED_PORTS
                0x20000034       0x10 ./Core/Src/led_control.o
 .data.LED_PINS
                0x20000044        0x8 ./Core/Src/led_control.o
 .data.SystemCoreClock
                0x2000004c        0x4 ./Core/Src/system_stm32f3xx.o
                0x2000004c                SystemCoreClock
 .data.uwTickPrio
                0x20000050        0x4 ./Drivers/STM32F3xx_HAL_Driver/Src/stm32f3xx_hal.o
                0x20000050                uwTickPrio
 .data.uwTickFreq
                0x20000054        0x1 ./Drivers/STM32F3xx_HAL_Driver/Src/stm32f3xx_hal.o
                0x20000054                uwTickFreq
 *(.RamFunc)
 *(.RamFunc*)
                0x20000058                        . = ALIGN (0x4)
 *fill*         0x20000055        0x3 
                0x20000058                        _edata = .
                0x08005274                        _siccmram = LOADADDR (.ccmram)

.igot.plt       0x20000058        0x0 load address 0x08005274
 .igot.plt      0x20000058        0x0 C:/ST/STM32CubeIDE_1.16.0/STM32CubeIDE/plugins/com.st.stm32cube.ide.mcu.externaltools.gnu-tools-for-stm32.12.3.rel1.win32_1.0.200.202406191623/tools/bin/../lib/gcc/arm-none-eabi/12.3.1/thumb/v7e-m+fp/hard/crtbegin.o

.ccmram         0x10000000        0x0 load address 0x08005274
                0x10000000                        . = ALIGN (0x4)
                0x10000000                        _sccmram = .
 *(.ccmram)
 *(.ccmram*)
                0x10000000                        . = ALIGN (0x4)
                0x10000000                        _eccmram = .
                0x10000000                        . = ALIGN (0x4)

.bss            0x20000058      0x1dc
                0x20000058                        _sbss = .
                0x20000058                        __bss_start__ = _sbss
 *(.bss)
 .bss           0x20000058       0x1c C:/ST/STM32CubeIDE_1.16.0/STM32CubeIDE/plugins/com.st.stm32cube.ide.mcu.externaltools.gnu-tools-for-stm32.12.3.rel1.win32_1.0.200.202406191623/tools/bin/../lib/gcc/arm-none-eabi/12.3.1/thumb/v7e-m+fp/hard/crtbegin.o
 *(.bss*)
 .bss.passcode  0x20000074        0x4 ./Core/Src/button_control.o
 .bss.button_timers
                0x20000078       0x30 ./Core/Src/button_control.o
 .bss.index.3   0x200000a8        0x2 ./Core/Src/button_control.o
 *fill*         0x200000aa        0x2 
 .bss.passcodeBuffer.2
                0x200000ac        0x4 ./Core/Src/button_control.o
 .bss.index.1   0x200000b0        0x1 ./Core/Src/button_control.o
 *fill*         0x200000b1        0x3 
 .bss.passcodeBuffer.0
                0x200000b4        0x4 ./Core/Src/button_control.o
 .bss.activeLED
                0x200000b8        0x1 ./Core/Src/led_control.o
 .bss.activeLEDState
                0x200000b9        0x1 ./Core/Src/led_control.o
 *fill*         0x200000ba        0x2 
 .bss.hi2c1     0x200000bc       0x54 ./Core/Src/main.o
                0x200000bc                hi2c1
 .bss.htim1     0x20000110       0x4c ./Core/Src/main.o
                0x20000110                htim1
 .bss.htim3     0x2000015c       0x4c ./Core/Src/main.o
                0x2000015c                htim3
 .bss.huart1    0x200001a8       0x88 ./Core/Src/main.o
                0x200001a8                huart1
 .bss.uwTick    0x20000230        0x4 ./Drivers/STM32F3xx_HAL_Driver/Src/stm32f3xx_hal.o
                0x20000230                uwTick
 *(COMMON)
                0x20000234                        . = ALIGN (0x4)
                0x20000234                        _ebss = .
                0x20000234                        __bss_end__ = _ebss

._user_heap_stack
                0x20000234      0x604
                0x20000238                        . = ALIGN (0x8)
 *fill*         0x20000234        0x4 
                [!provide]                        PROVIDE (end = .)
                0x20000238                        PROVIDE (_end = .)
                0x20000438                        . = (. + _Min_Heap_Size)
 *fill*         0x20000238      0x200 
                0x20000838                        . = (. + _Min_Stack_Size)
 *fill*         0x20000438      0x400 
                0x20000838                        . = ALIGN (0x8)

/DISCARD/
 libc.a(*)
 libm.a(*)
 libgcc.a(*)

.ARM.attributes
                0x00000000       0x30
 *(.ARM.attributes)
 .ARM.attributes
                0x00000000       0x22 C:/ST/STM32CubeIDE_1.16.0/STM32CubeIDE/plugins/com.st.stm32cube.ide.mcu.externaltools.gnu-tools-for-stm32.12.3.rel1.win32_1.0.200.202406191623/tools/bin/../lib/gcc/arm-none-eabi/12.3.1/thumb/v7e-m+fp/hard/crti.o
 .ARM.attributes
                0x00000022       0x34 C:/ST/STM32CubeIDE_1.16.0/STM32CubeIDE/plugins/com.st.stm32cube.ide.mcu.externaltools.gnu-tools-for-stm32.12.3.rel1.win32_1.0.200.202406191623/tools/bin/../lib/gcc/arm-none-eabi/12.3.1/thumb/v7e-m+fp/hard/crtbegin.o
 .ARM.attributes
                0x00000056       0x34 ./Core/Src/button_control.o
 .ARM.attributes
                0x0000008a       0x34 ./Core/Src/eeprom_control.o
 .ARM.attributes
                0x000000be       0x34 ./Core/Src/led_control.o
 .ARM.attributes
                0x000000f2       0x34 ./Core/Src/main.o
 .ARM.attributes
                0x00000126       0x34 ./Core/Src/motor_control.o
 .ARM.attributes
                0x0000015a       0x34 ./Core/Src/stm32f3xx_hal_msp.o
 .ARM.attributes
                0x0000018e       0x34 ./Core/Src/stm32f3xx_it.o
 .ARM.attributes
                0x000001c2       0x34 ./Core/Src/system_stm32f3xx.o
 .ARM.attributes
                0x000001f6       0x21 ./Core/Startup/startup_stm32f303k8tx.o
 .ARM.attributes
                0x00000217       0x34 ./Drivers/STM32F3xx_HAL_Driver/Src/stm32f3xx_hal.o
 .ARM.attributes
                0x0000024b       0x34 ./Drivers/STM32F3xx_HAL_Driver/Src/stm32f3xx_hal_cortex.o
 .ARM.attributes
                0x0000027f       0x34 ./Drivers/STM32F3xx_HAL_Driver/Src/stm32f3xx_hal_gpio.o
 .ARM.attributes
                0x000002b3       0x34 ./Drivers/STM32F3xx_HAL_Driver/Src/stm32f3xx_hal_i2c.o
 .ARM.attributes
                0x000002e7       0x34 ./Drivers/STM32F3xx_HAL_Driver/Src/stm32f3xx_hal_i2c_ex.o
 .ARM.attributes
                0x0000031b       0x34 ./Drivers/STM32F3xx_HAL_Driver/Src/stm32f3xx_hal_pwr.o
 .ARM.attributes
                0x0000034f       0x34 ./Drivers/STM32F3xx_HAL_Driver/Src/stm32f3xx_hal_rcc.o
 .ARM.attributes
                0x00000383       0x34 ./Drivers/STM32F3xx_HAL_Driver/Src/stm32f3xx_hal_rcc_ex.o
 .ARM.attributes
                0x000003b7       0x34 ./Drivers/STM32F3xx_HAL_Driver/Src/stm32f3xx_hal_tim.o
 .ARM.attributes
                0x000003eb       0x34 ./Drivers/STM32F3xx_HAL_Driver/Src/stm32f3xx_hal_tim_ex.o
 .ARM.attributes
                0x0000041f       0x34 ./Drivers/STM32F3xx_HAL_Driver/Src/stm32f3xx_hal_uart.o
 .ARM.attributes
                0x00000453       0x34 C:/ST/STM32CubeIDE_1.16.0/STM32CubeIDE/plugins/com.st.stm32cube.ide.mcu.externaltools.gnu-tools-for-stm32.12.3.rel1.win32_1.0.200.202406191623/tools/bin/../lib/gcc/arm-none-eabi/12.3.1/../../../../arm-none-eabi/lib/thumb/v7e-m+fp/hard\libc_nano.a(libc_a-memset.o)
 .ARM.attributes
                0x00000487       0x34 C:/ST/STM32CubeIDE_1.16.0/STM32CubeIDE/plugins/com.st.stm32cube.ide.mcu.externaltools.gnu-tools-for-stm32.12.3.rel1.win32_1.0.200.202406191623/tools/bin/../lib/gcc/arm-none-eabi/12.3.1/../../../../arm-none-eabi/lib/thumb/v7e-m+fp/hard\libc_nano.a(libc_a-init.o)
 .ARM.attributes
                0x000004bb       0x34 C:/ST/STM32CubeIDE_1.16.0/STM32CubeIDE/plugins/com.st.stm32cube.ide.mcu.externaltools.gnu-tools-for-stm32.12.3.rel1.win32_1.0.200.202406191623/tools/bin/../lib/gcc/arm-none-eabi/12.3.1/../../../../arm-none-eabi/lib/thumb/v7e-m+fp/hard\libc_nano.a(libc_a-memcpy-stub.o)
 .ARM.attributes
                0x000004ef       0x22 C:/ST/STM32CubeIDE_1.16.0/STM32CubeIDE/plugins/com.st.stm32cube.ide.mcu.externaltools.gnu-tools-for-stm32.12.3.rel1.win32_1.0.200.202406191623/tools/bin/../lib/gcc/arm-none-eabi/12.3.1/thumb/v7e-m+fp/hard/crtn.o
OUTPUT(DoorLock.elf elf32-littlearm)
LOAD linker stubs
LOAD C:/ST/STM32CubeIDE_1.16.0/STM32CubeIDE/plugins/com.st.stm32cube.ide.mcu.externaltools.gnu-tools-for-stm32.12.3.rel1.win32_1.0.200.202406191623/tools/bin/../lib/gcc/arm-none-eabi/12.3.1/../../../../arm-none-eabi/lib/thumb/v7e-m+fp/hard\libc.a
LOAD C:/ST/STM32CubeIDE_1.16.0/STM32CubeIDE/plugins/com.st.stm32cube.ide.mcu.externaltools.gnu-tools-for-stm32.12.3.rel1.win32_1.0.200.202406191623/tools/bin/../lib/gcc/arm-none-eabi/12.3.1/../../../../arm-none-eabi/lib/thumb/v7e-m+fp/hard\libm.a
LOAD C:/ST/STM32CubeIDE_1.16.0/STM32CubeIDE/plugins/com.st.stm32cube.ide.mcu.externaltools.gnu-tools-for-stm32.12.3.rel1.win32_1.0.200.202406191623/tools/bin/../lib/gcc/arm-none-eabi/12.3.1/thumb/v7e-m+fp/hard\libgcc.a

.debug_info     0x00000000    0x12eea
 .debug_info    0x00000000      0xb00 ./Core/Src/button_control.o
 .debug_info    0x00000b00      0x902 ./Core/Src/eeprom_control.o
 .debug_info    0x00001402      0x85d ./Core/Src/led_control.o
 .debug_info    0x00001c5f     0x1967 ./Core/Src/main.o
 .debug_info    0x000035c6      0x205 ./Core/Src/motor_control.o
 .debug_info    0x000037cb     0x107a ./Core/Src/stm32f3xx_hal_msp.o
 .debug_info    0x00004845      0x88d ./Core/Src/stm32f3xx_it.o
 .debug_info    0x000050d2      0x407 ./Core/Src/system_stm32f3xx.o
 .debug_info    0x000054d9       0x30 ./Core/Startup/startup_stm32f303k8tx.o
 .debug_info    0x00005509      0x74a ./Drivers/STM32F3xx_HAL_Driver/Src/stm32f3xx_hal.o
 .debug_info    0x00005c53      0xa87 ./Drivers/STM32F3xx_HAL_Driver/Src/stm32f3xx_hal_cortex.o
 .debug_info    0x000066da      0x6a6 ./Drivers/STM32F3xx_HAL_Driver/Src/stm32f3xx_hal_gpio.o
 .debug_info    0x00006d80     0x20c3 ./Drivers/STM32F3xx_HAL_Driver/Src/stm32f3xx_hal_i2c.o
 .debug_info    0x00008e43      0x8c0 ./Drivers/STM32F3xx_HAL_Driver/Src/stm32f3xx_hal_i2c_ex.o
 .debug_info    0x00009703      0x4aa ./Drivers/STM32F3xx_HAL_Driver/Src/stm32f3xx_hal_pwr.o
 .debug_info    0x00009bad     0x148a ./Drivers/STM32F3xx_HAL_Driver/Src/stm32f3xx_hal_rcc.o
 .debug_info    0x0000b037      0x52e ./Drivers/STM32F3xx_HAL_Driver/Src/stm32f3xx_hal_rcc_ex.o
 .debug_info    0x0000b565     0x2a70 ./Drivers/STM32F3xx_HAL_Driver/Src/stm32f3xx_hal_tim.o
 .debug_info    0x0000dfd5     0x156d ./Drivers/STM32F3xx_HAL_Driver/Src/stm32f3xx_hal_tim_ex.o
 .debug_info    0x0000f542     0x39a8 ./Drivers/STM32F3xx_HAL_Driver/Src/stm32f3xx_hal_uart.o

.debug_abbrev   0x00000000     0x28b8
 .debug_abbrev  0x00000000      0x21a ./Core/Src/button_control.o
 .debug_abbrev  0x0000021a      0x20b ./Core/Src/eeprom_control.o
 .debug_abbrev  0x00000425      0x1a1 ./Core/Src/led_control.o
 .debug_abbrev  0x000005c6      0x34b ./Core/Src/main.o
 .debug_abbrev  0x00000911      0x121 ./Core/Src/motor_control.o
 .debug_abbrev  0x00000a32      0x212 ./Core/Src/stm32f3xx_hal_msp.o
 .debug_abbrev  0x00000c44      0x211 ./Core/Src/stm32f3xx_it.o
 .debug_abbrev  0x00000e55      0x11a ./Core/Src/system_stm32f3xx.o
 .debug_abbrev  0x00000f6f       0x24 ./Core/Startup/startup_stm32f303k8tx.o
 .debug_abbrev  0x00000f93      0x215 ./Drivers/STM32F3xx_HAL_Driver/Src/stm32f3xx_hal.o
 .debug_abbrev  0x000011a8      0x2f8 ./Drivers/STM32F3xx_HAL_Driver/Src/stm32f3xx_hal_cortex.o
 .debug_abbrev  0x000014a0      0x1ca ./Drivers/STM32F3xx_HAL_Driver/Src/stm32f3xx_hal_gpio.o
 .debug_abbrev  0x0000166a      0x260 ./Drivers/STM32F3xx_HAL_Driver/Src/stm32f3xx_hal_i2c.o
 .debug_abbrev  0x000018ca      0x1c2 ./Drivers/STM32F3xx_HAL_Driver/Src/stm32f3xx_hal_i2c_ex.o
 .debug_abbrev  0x00001a8c      0x13f ./Drivers/STM32F3xx_HAL_Driver/Src/stm32f3xx_hal_pwr.o
 .debug_abbrev  0x00001bcb      0x300 ./Drivers/STM32F3xx_HAL_Driver/Src/stm32f3xx_hal_rcc.o
 .debug_abbrev  0x00001ecb      0x221 ./Drivers/STM32F3xx_HAL_Driver/Src/stm32f3xx_hal_rcc_ex.o
 .debug_abbrev  0x000020ec      0x278 ./Drivers/STM32F3xx_HAL_Driver/Src/stm32f3xx_hal_tim.o
 .debug_abbrev  0x00002364      0x283 ./Drivers/STM32F3xx_HAL_Driver/Src/stm32f3xx_hal_tim_ex.o
 .debug_abbrev  0x000025e7      0x2d1 ./Drivers/STM32F3xx_HAL_Driver/Src/stm32f3xx_hal_uart.o

.debug_aranges  0x00000000     0x1040
 .debug_aranges
                0x00000000       0x48 ./Core/Src/button_control.o
 .debug_aranges
                0x00000048       0x48 ./Core/Src/eeprom_control.o
 .debug_aranges
                0x00000090       0x48 ./Core/Src/led_control.o
 .debug_aranges
                0x000000d8       0x60 ./Core/Src/main.o
 .debug_aranges
                0x00000138       0x20 ./Core/Src/motor_control.o
 .debug_aranges
                0x00000158       0x50 ./Core/Src/stm32f3xx_hal_msp.o
 .debug_aranges
                0x000001a8       0x70 ./Core/Src/stm32f3xx_it.o
 .debug_aranges
                0x00000218       0x28 ./Core/Src/system_stm32f3xx.o
 .debug_aranges
                0x00000240       0x28 ./Core/Startup/startup_stm32f303k8tx.o
 .debug_aranges
                0x00000268       0xe0 ./Drivers/STM32F3xx_HAL_Driver/Src/stm32f3xx_hal.o
 .debug_aranges
                0x00000348      0x100 ./Drivers/STM32F3xx_HAL_Driver/Src/stm32f3xx_hal_cortex.o
 .debug_aranges
                0x00000448       0x58 ./Drivers/STM32F3xx_HAL_Driver/Src/stm32f3xx_hal_gpio.o
 .debug_aranges
                0x000004a0      0x2a0 ./Drivers/STM32F3xx_HAL_Driver/Src/stm32f3xx_hal_i2c.o
 .debug_aranges
                0x00000740       0x48 ./Drivers/STM32F3xx_HAL_Driver/Src/stm32f3xx_hal_i2c_ex.o
 .debug_aranges
                0x00000788       0x78 ./Drivers/STM32F3xx_HAL_Driver/Src/stm32f3xx_hal_pwr.o
 .debug_aranges
                0x00000800       0x88 ./Drivers/STM32F3xx_HAL_Driver/Src/stm32f3xx_hal_rcc.o
 .debug_aranges
                0x00000888       0x38 ./Drivers/STM32F3xx_HAL_Driver/Src/stm32f3xx_hal_rcc_ex.o
 .debug_aranges
                0x000008c0      0x3e0 ./Drivers/STM32F3xx_HAL_Driver/Src/stm32f3xx_hal_tim.o
 .debug_aranges
                0x00000ca0      0x178 ./Drivers/STM32F3xx_HAL_Driver/Src/stm32f3xx_hal_tim_ex.o
 .debug_aranges
                0x00000e18      0x228 ./Drivers/STM32F3xx_HAL_Driver/Src/stm32f3xx_hal_uart.o

.debug_rnglists
                0x00000000      0xcc0
 .debug_rnglists
                0x00000000       0x35 ./Core/Src/button_control.o
 .debug_rnglists
                0x00000035       0x33 ./Core/Src/eeprom_control.o
 .debug_rnglists
                0x00000068       0x32 ./Core/Src/led_control.o
 .debug_rnglists
                0x0000009a       0x49 ./Core/Src/main.o
 .debug_rnglists
                0x000000e3       0x13 ./Core/Src/motor_control.o
 .debug_rnglists
                0x000000f6       0x39 ./Core/Src/stm32f3xx_hal_msp.o
 .debug_rnglists
                0x0000012f       0x4f ./Core/Src/stm32f3xx_it.o
 .debug_rnglists
                0x0000017e       0x1a ./Core/Src/system_stm32f3xx.o
 .debug_rnglists
                0x00000198       0x19 ./Core/Startup/startup_stm32f303k8tx.o
 .debug_rnglists
                0x000001b1       0xa3 ./Drivers/STM32F3xx_HAL_Driver/Src/stm32f3xx_hal.o
 .debug_rnglists
                0x00000254       0xbb ./Drivers/STM32F3xx_HAL_Driver/Src/stm32f3xx_hal_cortex.o
 .debug_rnglists
                0x0000030f       0x3f ./Drivers/STM32F3xx_HAL_Driver/Src/stm32f3xx_hal_gpio.o
 .debug_rnglists
                0x0000034e      0x228 ./Drivers/STM32F3xx_HAL_Driver/Src/stm32f3xx_hal_i2c.o
 .debug_rnglists
                0x00000576       0x35 ./Drivers/STM32F3xx_HAL_Driver/Src/stm32f3xx_hal_i2c_ex.o
 .debug_rnglists
                0x000005ab       0x55 ./Drivers/STM32F3xx_HAL_Driver/Src/stm32f3xx_hal_pwr.o
 .debug_rnglists
                0x00000600       0x66 ./Drivers/STM32F3xx_HAL_Driver/Src/stm32f3xx_hal_rcc.o
 .debug_rnglists
                0x00000666       0x27 ./Drivers/STM32F3xx_HAL_Driver/Src/stm32f3xx_hal_rcc_ex.o
 .debug_rnglists
                0x0000068d      0x328 ./Drivers/STM32F3xx_HAL_Driver/Src/stm32f3xx_hal_tim.o
 .debug_rnglists
                0x000009b5      0x131 ./Drivers/STM32F3xx_HAL_Driver/Src/stm32f3xx_hal_tim_ex.o
 .debug_rnglists
                0x00000ae6      0x1da ./Drivers/STM32F3xx_HAL_Driver/Src/stm32f3xx_hal_uart.o

.debug_macro    0x00000000    0x1c8cb
 .debug_macro   0x00000000      0x325 ./Core/Src/button_control.o
 .debug_macro   0x00000325      0xab4 ./Core/Src/button_control.o
 .debug_macro   0x00000dd9      0x157 ./Core/Src/button_control.o
 .debug_macro   0x00000f30       0x2e ./Core/Src/button_control.o
 .debug_macro   0x00000f5e       0x28 ./Core/Src/button_control.o
 .debug_macro   0x00000f86       0x22 ./Core/Src/button_control.o
 .debug_macro   0x00000fa8       0x8e ./Core/Src/button_control.o
 .debug_macro   0x00001036       0x51 ./Core/Src/button_control.o
 .debug_macro   0x00001087      0x103 ./Core/Src/button_control.o
 .debug_macro   0x0000118a       0x6a ./Core/Src/button_control.o
 .debug_macro   0x000011f4      0x1df ./Core/Src/button_control.o
 .debug_macro   0x000013d3       0x1c ./Core/Src/button_control.o
 .debug_macro   0x000013ef       0x22 ./Core/Src/button_control.o
 .debug_macro   0x00001411       0xd9 ./Core/Src/button_control.o
 .debug_macro   0x000014ea      0xf07 ./Core/Src/button_control.o
 .debug_macro   0x000023f1    0x10be0 ./Core/Src/button_control.o
 .debug_macro   0x00012fd1       0x6d ./Core/Src/button_control.o
 .debug_macro   0x0001303e     0x3574 ./Core/Src/button_control.o
 .debug_macro   0x000165b2      0x189 ./Core/Src/button_control.o
 .debug_macro   0x0001673b       0x55 ./Core/Src/button_control.o
 .debug_macro   0x00016790      0x8f8 ./Core/Src/button_control.o
 .debug_macro   0x00017088      0x304 ./Core/Src/button_control.o
 .debug_macro   0x0001738c      0x1b5 ./Core/Src/button_control.o
 .debug_macro   0x00017541      0x11b ./Core/Src/button_control.o
 .debug_macro   0x0001765c      0x1d5 ./Core/Src/button_control.o
 .debug_macro   0x00017831      0x1bc ./Core/Src/button_control.o
 .debug_macro   0x000179ed       0x34 ./Core/Src/button_control.o
 .debug_macro   0x00017a21       0x3c ./Core/Src/button_control.o
 .debug_macro   0x00017a5d       0x57 ./Core/Src/button_control.o
 .debug_macro   0x00017ab4       0xc5 ./Core/Src/button_control.o
 .debug_macro   0x00017b79      0x19f ./Core/Src/button_control.o
 .debug_macro   0x00017d18      0x22c ./Core/Src/button_control.o
 .debug_macro   0x00017f44       0x5b ./Core/Src/button_control.o
 .debug_macro   0x00017f9f       0xa5 ./Core/Src/button_control.o
 .debug_macro   0x00018044       0x81 ./Core/Src/button_control.o
 .debug_macro   0x000180c5       0xd3 ./Core/Src/button_control.o
 .debug_macro   0x00018198      0xa60 ./Core/Src/button_control.o
 .debug_macro   0x00018bf8       0x59 ./Core/Src/button_control.o
 .debug_macro   0x00018c51      0x5ba ./Core/Src/button_control.o
 .debug_macro   0x0001920b       0x44 ./Core/Src/button_control.o
 .debug_macro   0x0001924f      0x285 ./Core/Src/button_control.o
 .debug_macro   0x000194d4       0x61 ./Core/Src/button_control.o
 .debug_macro   0x00019535       0x2a ./Core/Src/button_control.o
 .debug_macro   0x0001955f       0x43 ./Core/Src/button_control.o
 .debug_macro   0x000195a2       0x34 ./Core/Src/button_control.o
 .debug_macro   0x000195d6       0x16 ./Core/Src/button_control.o
 .debug_macro   0x000195ec       0x35 ./Core/Src/button_control.o
 .debug_macro   0x00019621      0x369 ./Core/Src/button_control.o
 .debug_macro   0x0001998a       0x10 ./Core/Src/button_control.o
 .debug_macro   0x0001999a       0x16 ./Core/Src/button_control.o
 .debug_macro   0x000199b0       0x43 ./Core/Src/button_control.o
 .debug_macro   0x000199f3       0x34 ./Core/Src/button_control.o
 .debug_macro   0x00019a27       0x10 ./Core/Src/button_control.o
 .debug_macro   0x00019a37       0x58 ./Core/Src/button_control.o
 .debug_macro   0x00019a8f       0x8e ./Core/Src/button_control.o
 .debug_macro   0x00019b1d       0x1c ./Core/Src/button_control.o
 .debug_macro   0x00019b39      0x177 ./Core/Src/button_control.o
 .debug_macro   0x00019cb0       0x16 ./Core/Src/button_control.o
 .debug_macro   0x00019cc6       0x16 ./Core/Src/button_control.o
 .debug_macro   0x00019cdc      0x146 ./Core/Src/button_control.o
 .debug_macro   0x00019e22       0x16 ./Core/Src/button_control.o
 .debug_macro   0x00019e38       0x16 ./Core/Src/button_control.o
 .debug_macro   0x00019e4e       0x29 ./Core/Src/button_control.o
 .debug_macro   0x00019e77       0x22 ./Core/Src/button_control.o
 .debug_macro   0x00019e99       0x16 ./Core/Src/button_control.o
 .debug_macro   0x00019eaf       0x20 ./Core/Src/button_control.o
 .debug_macro   0x00019ecf       0xd6 ./Core/Src/button_control.o
 .debug_macro   0x00019fa5       0x2e ./Core/Src/button_control.o
 .debug_macro   0x00019fd3       0x22 ./Core/Src/button_control.o
 .debug_macro   0x00019ff5      0x31c ./Core/Src/eeprom_control.o
 .debug_macro   0x0001a311      0x2e3 ./Core/Src/led_control.o
 .debug_macro   0x0001a5f4       0x2e ./Core/Src/led_control.o
 .debug_macro   0x0001a622      0x33b ./Core/Src/main.o
 .debug_macro   0x0001a95d       0xd0 ./Core/Src/main.o
 .debug_macro   0x0001aa2d       0x10 ./Core/Src/main.o
 .debug_macro   0x0001aa3d       0x1c ./Core/Src/main.o
 .debug_macro   0x0001aa59       0x1c ./Core/Src/main.o
 .debug_macro   0x0001aa75       0x2e ./Core/Src/main.o
 .debug_macro   0x0001aaa3      0x2e3 ./Core/Src/motor_control.o
 .debug_macro   0x0001ad86      0x1d4 ./Core/Src/stm32f3xx_hal_msp.o
 .debug_macro   0x0001af5a      0x2fc ./Core/Src/stm32f3xx_it.o
 .debug_macro   0x0001b256      0x1c5 ./Core/Src/system_stm32f3xx.o
 .debug_macro   0x0001b41b      0x1e9 ./Drivers/STM32F3xx_HAL_Driver/Src/stm32f3xx_hal.o
 .debug_macro   0x0001b604      0x1c5 ./Drivers/STM32F3xx_HAL_Driver/Src/stm32f3xx_hal_cortex.o
 .debug_macro   0x0001b7c9      0x1cc ./Drivers/STM32F3xx_HAL_Driver/Src/stm32f3xx_hal_gpio.o
 .debug_macro   0x0001b995      0x291 ./Drivers/STM32F3xx_HAL_Driver/Src/stm32f3xx_hal_i2c.o
 .debug_macro   0x0001bc26      0x1c5 ./Drivers/STM32F3xx_HAL_Driver/Src/stm32f3xx_hal_i2c_ex.o
 .debug_macro   0x0001bdeb      0x1c5 ./Drivers/STM32F3xx_HAL_Driver/Src/stm32f3xx_hal_pwr.o
 .debug_macro   0x0001bfb0      0x1e9 ./Drivers/STM32F3xx_HAL_Driver/Src/stm32f3xx_hal_rcc.o
 .debug_macro   0x0001c199      0x1c5 ./Drivers/STM32F3xx_HAL_Driver/Src/stm32f3xx_hal_rcc_ex.o
 .debug_macro   0x0001c35e      0x1c6 ./Drivers/STM32F3xx_HAL_Driver/Src/stm32f3xx_hal_tim.o
 .debug_macro   0x0001c524      0x1c5 ./Drivers/STM32F3xx_HAL_Driver/Src/stm32f3xx_hal_tim_ex.o
 .debug_macro   0x0001c6e9      0x1e2 ./Drivers/STM32F3xx_HAL_Driver/Src/stm32f3xx_hal_uart.o

.debug_line     0x00000000    0x165f5
 .debug_line    0x00000000      0xb82 ./Core/Src/button_control.o
 .debug_line    0x00000b82      0xa31 ./Core/Src/eeprom_control.o
 .debug_line    0x000015b3      0x9e3 ./Core/Src/led_control.o
 .debug_line    0x00001f96      0xd3c ./Core/Src/main.o
 .debug_line    0x00002cd2      0x924 ./Core/Src/motor_control.o
 .debug_line    0x000035f6      0x85e ./Core/Src/stm32f3xx_hal_msp.o
 .debug_line    0x00003e54      0x9fa ./Core/Src/stm32f3xx_it.o
 .debug_line    0x0000484e      0x7e4 ./Core/Src/system_stm32f3xx.o
 .debug_line    0x00005032       0x7a ./Core/Startup/startup_stm32f303k8tx.o
 .debug_line    0x000050ac      0xa1c ./Drivers/STM32F3xx_HAL_Driver/Src/stm32f3xx_hal.o
 .debug_line    0x00005ac8      0xc02 ./Drivers/STM32F3xx_HAL_Driver/Src/stm32f3xx_hal_cortex.o
 .debug_line    0x000066ca      0xb7f ./Drivers/STM32F3xx_HAL_Driver/Src/stm32f3xx_hal_gpio.o
 .debug_line    0x00007249     0x3a93 ./Drivers/STM32F3xx_HAL_Driver/Src/stm32f3xx_hal_i2c.o
 .debug_line    0x0000acdc      0x988 ./Drivers/STM32F3xx_HAL_Driver/Src/stm32f3xx_hal_i2c_ex.o
 .debug_line    0x0000b664      0x8bf ./Drivers/STM32F3xx_HAL_Driver/Src/stm32f3xx_hal_pwr.o
 .debug_line    0x0000bf23     0x13b0 ./Drivers/STM32F3xx_HAL_Driver/Src/stm32f3xx_hal_rcc.o
 .debug_line    0x0000d2d3      0xaa6 ./Drivers/STM32F3xx_HAL_Driver/Src/stm32f3xx_hal_rcc_ex.o
 .debug_line    0x0000dd79     0x3cfa ./Drivers/STM32F3xx_HAL_Driver/Src/stm32f3xx_hal_tim.o
 .debug_line    0x00011a73     0x1a88 ./Drivers/STM32F3xx_HAL_Driver/Src/stm32f3xx_hal_tim_ex.o
 .debug_line    0x000134fb     0x30fa ./Drivers/STM32F3xx_HAL_Driver/Src/stm32f3xx_hal_uart.o

.debug_str      0x00000000    0xa5e4e
 .debug_str     0x00000000    0xa1608 ./Core/Src/button_control.o
                              0xa196d (size before relaxing)
 .debug_str     0x000a1608      0x354 ./Core/Src/eeprom_control.o
                              0xa17cf (size before relaxing)
 .debug_str     0x000a195c      0x13e ./Core/Src/led_control.o
                              0xa14b5 (size before relaxing)
 .debug_str     0x000a1a9a      0xa27 ./Core/Src/main.o
                              0xa2792 (size before relaxing)
 .debug_str     0x000a24c1       0x22 ./Core/Src/motor_control.o
                              0xa0f65 (size before relaxing)
 .debug_str     0x000a24e3       0xc3 ./Core/Src/stm32f3xx_hal_msp.o
                              0x9e43c (size before relaxing)
 .debug_str     0x000a25a6      0x115 ./Core/Src/stm32f3xx_it.o
                              0xa181f (size before relaxing)
 .debug_str     0x000a26bb       0xe9 ./Core/Src/system_stm32f3xx.o
                              0x9d715 (size before relaxing)
 .debug_str     0x000a27a4       0x44 ./Core/Startup/startup_stm32f303k8tx.o
                                 0x6a (size before relaxing)
 .debug_str     0x000a27e8      0x3ac ./Drivers/STM32F3xx_HAL_Driver/Src/stm32f3xx_hal.o
                              0x9de05 (size before relaxing)
 .debug_str     0x000a2b94      0x24a ./Drivers/STM32F3xx_HAL_Driver/Src/stm32f3xx_hal_cortex.o
                              0x9dd2a (size before relaxing)
 .debug_str     0x000a2dde      0x135 ./Drivers/STM32F3xx_HAL_Driver/Src/stm32f3xx_hal_gpio.o
                              0x9d8f4 (size before relaxing)
 .debug_str     0x000a2f13      0xe37 ./Drivers/STM32F3xx_HAL_Driver/Src/stm32f3xx_hal_i2c.o
                              0x9ea15 (size before relaxing)
 .debug_str     0x000a3d4a       0xb8 ./Drivers/STM32F3xx_HAL_Driver/Src/stm32f3xx_hal_i2c_ex.o
                              0x9dc92 (size before relaxing)
 .debug_str     0x000a3e02      0x176 ./Drivers/STM32F3xx_HAL_Driver/Src/stm32f3xx_hal_pwr.o
                              0x9d81e (size before relaxing)
 .debug_str     0x000a3f78      0x2ba ./Drivers/STM32F3xx_HAL_Driver/Src/stm32f3xx_hal_rcc.o
                              0x9dbb5 (size before relaxing)
 .debug_str     0x000a4232       0xbe ./Drivers/STM32F3xx_HAL_Driver/Src/stm32f3xx_hal_rcc_ex.o
                              0x9d8b4 (size before relaxing)
 .debug_str     0x000a42f0      0xe15 ./Drivers/STM32F3xx_HAL_Driver/Src/stm32f3xx_hal_tim.o
                              0x9eb4c (size before relaxing)
 .debug_str     0x000a5105      0x4dc ./Drivers/STM32F3xx_HAL_Driver/Src/stm32f3xx_hal_tim_ex.o
                              0x9e392 (size before relaxing)
 .debug_str     0x000a55e1      0x86d ./Drivers/STM32F3xx_HAL_Driver/Src/stm32f3xx_hal_uart.o
                              0x9e438 (size before relaxing)

.comment        0x00000000       0x43
 .comment       0x00000000       0x43 ./Core/Src/button_control.o
                                 0x44 (size before relaxing)
 .comment       0x00000043       0x44 ./Core/Src/eeprom_control.o
 .comment       0x00000043       0x44 ./Core/Src/led_control.o
 .comment       0x00000043       0x44 ./Core/Src/main.o
 .comment       0x00000043       0x44 ./Core/Src/motor_control.o
 .comment       0x00000043       0x44 ./Core/Src/stm32f3xx_hal_msp.o
 .comment       0x00000043       0x44 ./Core/Src/stm32f3xx_it.o
 .comment       0x00000043       0x44 ./Core/Src/system_stm32f3xx.o
 .comment       0x00000043       0x44 ./Drivers/STM32F3xx_HAL_Driver/Src/stm32f3xx_hal.o
 .comment       0x00000043       0x44 ./Drivers/STM32F3xx_HAL_Driver/Src/stm32f3xx_hal_cortex.o
 .comment       0x00000043       0x44 ./Drivers/STM32F3xx_HAL_Driver/Src/stm32f3xx_hal_gpio.o
 .comment       0x00000043       0x44 ./Drivers/STM32F3xx_HAL_Driver/Src/stm32f3xx_hal_i2c.o
 .comment       0x00000043       0x44 ./Drivers/STM32F3xx_HAL_Driver/Src/stm32f3xx_hal_i2c_ex.o
 .comment       0x00000043       0x44 ./Drivers/STM32F3xx_HAL_Driver/Src/stm32f3xx_hal_pwr.o
 .comment       0x00000043       0x44 ./Drivers/STM32F3xx_HAL_Driver/Src/stm32f3xx_hal_rcc.o
 .comment       0x00000043       0x44 ./Drivers/STM32F3xx_HAL_Driver/Src/stm32f3xx_hal_rcc_ex.o
 .comment       0x00000043       0x44 ./Drivers/STM32F3xx_HAL_Driver/Src/stm32f3xx_hal_tim.o
 .comment       0x00000043       0x44 ./Drivers/STM32F3xx_HAL_Driver/Src/stm32f3xx_hal_tim_ex.o
 .comment       0x00000043       0x44 ./Drivers/STM32F3xx_HAL_Driver/Src/stm32f3xx_hal_uart.o

.debug_frame    0x00000000     0x4420
 .debug_frame   0x00000000       0xf4 ./Core/Src/button_control.o
 .debug_frame   0x000000f4      0x100 ./Core/Src/eeprom_control.o
 .debug_frame   0x000001f4       0xc0 ./Core/Src/led_control.o
 .debug_frame   0x000002b4      0x138 ./Core/Src/main.o
 .debug_frame   0x000003ec       0x34 ./Core/Src/motor_control.o
 .debug_frame   0x00000420      0x118 ./Core/Src/stm32f3xx_hal_msp.o
 .debug_frame   0x00000538      0x144 ./Core/Src/stm32f3xx_it.o
 .debug_frame   0x0000067c       0x58 ./Core/Src/system_stm32f3xx.o
 .debug_frame   0x000006d4      0x334 ./Drivers/STM32F3xx_HAL_Driver/Src/stm32f3xx_hal.o
 .debug_frame   0x00000a08      0x428 ./Drivers/STM32F3xx_HAL_Driver/Src/stm32f3xx_hal_cortex.o
 .debug_frame   0x00000e30      0x14c ./Drivers/STM32F3xx_HAL_Driver/Src/stm32f3xx_hal_gpio.o
 .debug_frame   0x00000f7c      0xc38 ./Drivers/STM32F3xx_HAL_Driver/Src/stm32f3xx_hal_i2c.o
 .debug_frame   0x00001bb4      0x100 ./Drivers/STM32F3xx_HAL_Driver/Src/stm32f3xx_hal_i2c_ex.o
 .debug_frame   0x00001cb4      0x1b0 ./Drivers/STM32F3xx_HAL_Driver/Src/stm32f3xx_hal_pwr.o
 .debug_frame   0x00001e64      0x214 ./Drivers/STM32F3xx_HAL_Driver/Src/stm32f3xx_hal_rcc.o
 .debug_frame   0x00002078       0xac ./Drivers/STM32F3xx_HAL_Driver/Src/stm32f3xx_hal_rcc_ex.o
 .debug_frame   0x00002124     0x1218 ./Drivers/STM32F3xx_HAL_Driver/Src/stm32f3xx_hal_tim.o
 .debug_frame   0x0000333c      0x688 ./Drivers/STM32F3xx_HAL_Driver/Src/stm32f3xx_hal_tim_ex.o
 .debug_frame   0x000039c4      0x9e8 ./Drivers/STM32F3xx_HAL_Driver/Src/stm32f3xx_hal_uart.o
 .debug_frame   0x000043ac       0x20 C:/ST/STM32CubeIDE_1.16.0/STM32CubeIDE/plugins/com.st.stm32cube.ide.mcu.externaltools.gnu-tools-for-stm32.12.3.rel1.win32_1.0.200.202406191623/tools/bin/../lib/gcc/arm-none-eabi/12.3.1/../../../../arm-none-eabi/lib/thumb/v7e-m+fp/hard\libc_nano.a(libc_a-memset.o)
 .debug_frame   0x000043cc       0x2c C:/ST/STM32CubeIDE_1.16.0/STM32CubeIDE/plugins/com.st.stm32cube.ide.mcu.externaltools.gnu-tools-for-stm32.12.3.rel1.win32_1.0.200.202406191623/tools/bin/../lib/gcc/arm-none-eabi/12.3.1/../../../../arm-none-eabi/lib/thumb/v7e-m+fp/hard\libc_nano.a(libc_a-init.o)
 .debug_frame   0x000043f8       0x28 C:/ST/STM32CubeIDE_1.16.0/STM32CubeIDE/plugins/com.st.stm32cube.ide.mcu.externaltools.gnu-tools-for-stm32.12.3.rel1.win32_1.0.200.202406191623/tools/bin/../lib/gcc/arm-none-eabi/12.3.1/../../../../arm-none-eabi/lib/thumb/v7e-m+fp/hard\libc_nano.a(libc_a-memcpy-stub.o)

.debug_line_str
                0x00000000       0x4e
 .debug_line_str
                0x00000000       0x4e ./Core/Startup/startup_stm32f303k8tx.o
