18:41:23 **** Incremental Build of configuration Debug for project DoorLock ****
make -j16 all 
arm-none-eabi-gcc "../Core/Src/button_control.c" -mcpu=cortex-m4 -std=gnu11 -g3 -DDEBUG -DUSE_HAL_DRIVER -DSTM32F303x8 -c -I../Core/Inc -I../Drivers/STM32F3xx_HAL_Driver/Inc -I../Drivers/STM32F3xx_HAL_Driver/Inc/Legacy -I../Drivers/CMSIS/Device/ST/STM32F3xx/Include -I../Drivers/CMSIS/Include -O0 -ffunction-sections -fdata-sections -Wall -fstack-usage -fcyclomatic-complexity -MMD -MP -MF"Core/Src/button_control.d" -MT"Core/Src/button_control.o" --specs=nano.specs -mfpu=fpv4-sp-d16 -mfloat-abi=hard -mthumb -o "Core/Src/button_control.o"
arm-none-eabi-gcc "../Core/Src/led_control.c" -mcpu=cortex-m4 -std=gnu11 -g3 -DDEBUG -DUSE_HAL_DRIVER -DSTM32F303x8 -c -I../Core/Inc -I../Drivers/STM32F3xx_HAL_Driver/Inc -I../Drivers/STM32F3xx_HAL_Driver/Inc/Legacy -I../Drivers/CMSIS/Device/ST/STM32F3xx/Include -I../Drivers/CMSIS/Include -O0 -ffunction-sections -fdata-sections -Wall -fstack-usage -fcyclomatic-complexity -MMD -MP -MF"Core/Src/led_control.d" -MT"Core/Src/led_control.o" --specs=nano.specs -mfpu=fpv4-sp-d16 -mfloat-abi=hard -mthumb -o "Core/Src/led_control.o"
arm-none-eabi-gcc -o "DoorLock.elf" @"objects.list"   -mcpu=cortex-m4 -T"C:\Users\Quinn\Desktop\Repo\DoorLock\STM32F303K8TX_FLASH.ld" --specs=nosys.specs -Wl,-Map="DoorLock.map" -Wl,--gc-sections -static --specs=nano.specs -mfpu=fpv4-sp-d16 -mfloat-abi=hard -mthumb -Wl,--start-group -lc -lm -Wl,--end-group
Finished building target: DoorLock.elf
 
arm-none-eabi-size  DoorLock.elf 
arm-none-eabi-objdump -h -S DoorLock.elf  > "DoorLock.list"
   text	   data	    bss	    dec	    hex	filename
  15456	     52	   1964	  17472	   4440	DoorLock.elf
Finished building: default.size.stdout
 
Finished building: DoorLock.list
 

18:41:24 Build Finished. 0 errors, 0 warnings. (took 934ms)

