Archive member included to satisfy reference by file (symbol)

C:/ST/STM32CubeIDE_1.16.0/STM32CubeIDE/plugins/com.st.stm32cube.ide.mcu.externaltools.gnu-tools-for-stm32.12.3.rel1.win32_1.0.200.202406191623/tools/bin/../lib/gcc/arm-none-eabi/12.3.1/../../../../arm-none-eabi/lib/thumb/v7e-m+fp/hard\libc_nano.a(libc_a-exit.o)
                              C:/ST/STM32CubeIDE_1.16.0/STM32CubeIDE/plugins/com.st.stm32cube.ide.mcu.externaltools.gnu-tools-for-stm32.12.3.rel1.win32_1.0.200.202406191623/tools/bin/../lib/gcc/arm-none-eabi/12.3.1/../../../../arm-none-eabi/lib/thumb/v7e-m+fp/hard/crt0.o (exit)
C:/ST/STM32CubeIDE_1.16.0/STM32CubeIDE/plugins/com.st.stm32cube.ide.mcu.externaltools.gnu-tools-for-stm32.12.3.rel1.win32_1.0.200.202406191623/tools/bin/../lib/gcc/arm-none-eabi/12.3.1/../../../../arm-none-eabi/lib/thumb/v7e-m+fp/hard\libc_nano.a(libc_a-findfp.o)
                              C:/ST/STM32CubeIDE_1.16.0/STM32CubeIDE/plugins/com.st.stm32cube.ide.mcu.externaltools.gnu-tools-for-stm32.12.3.rel1.win32_1.0.200.202406191623/tools/bin/../lib/gcc/arm-none-eabi/12.3.1/../../../../arm-none-eabi/lib/thumb/v7e-m+fp/hard\libc_nano.a(libc_a-exit.o) (__stdio_exit_handler)
C:/ST/STM32CubeIDE_1.16.0/STM32CubeIDE/plugins/com.st.stm32cube.ide.mcu.externaltools.gnu-tools-for-stm32.12.3.rel1.win32_1.0.200.202406191623/tools/bin/../lib/gcc/arm-none-eabi/12.3.1/../../../../arm-none-eabi/lib/thumb/v7e-m+fp/hard\libc_nano.a(libc_a-fwalk.o)
                              C:/ST/STM32CubeIDE_1.16.0/STM32CubeIDE/plugins/com.st.stm32cube.ide.mcu.externaltools.gnu-tools-for-stm32.12.3.rel1.win32_1.0.200.202406191623/tools/bin/../lib/gcc/arm-none-eabi/12.3.1/../../../../arm-none-eabi/lib/thumb/v7e-m+fp/hard\libc_nano.a(libc_a-findfp.o) (_fwalk_sglue)
C:/ST/STM32CubeIDE_1.16.0/STM32CubeIDE/plugins/com.st.stm32cube.ide.mcu.externaltools.gnu-tools-for-stm32.12.3.rel1.win32_1.0.200.202406191623/tools/bin/../lib/gcc/arm-none-eabi/12.3.1/../../../../arm-none-eabi/lib/thumb/v7e-m+fp/hard\libc_nano.a(libc_a-stdio.o)
                              C:/ST/STM32CubeIDE_1.16.0/STM32CubeIDE/plugins/com.st.stm32cube.ide.mcu.externaltools.gnu-tools-for-stm32.12.3.rel1.win32_1.0.200.202406191623/tools/bin/../lib/gcc/arm-none-eabi/12.3.1/../../../../arm-none-eabi/lib/thumb/v7e-m+fp/hard\libc_nano.a(libc_a-findfp.o) (__sread)
C:/ST/STM32CubeIDE_1.16.0/STM32CubeIDE/plugins/com.st.stm32cube.ide.mcu.externaltools.gnu-tools-for-stm32.12.3.rel1.win32_1.0.200.202406191623/tools/bin/../lib/gcc/arm-none-eabi/12.3.1/../../../../arm-none-eabi/lib/thumb/v7e-m+fp/hard\libc_nano.a(libc_a-memset.o)
                              C:/ST/STM32CubeIDE_1.16.0/STM32CubeIDE/plugins/com.st.stm32cube.ide.mcu.externaltools.gnu-tools-for-stm32.12.3.rel1.win32_1.0.200.202406191623/tools/bin/../lib/gcc/arm-none-eabi/12.3.1/../../../../arm-none-eabi/lib/thumb/v7e-m+fp/hard/crt0.o (memset)
C:/ST/STM32CubeIDE_1.16.0/STM32CubeIDE/plugins/com.st.stm32cube.ide.mcu.externaltools.gnu-tools-for-stm32.12.3.rel1.win32_1.0.200.202406191623/tools/bin/../lib/gcc/arm-none-eabi/12.3.1/../../../../arm-none-eabi/lib/thumb/v7e-m+fp/hard\libc_nano.a(libc_a-closer.o)
                              C:/ST/STM32CubeIDE_1.16.0/STM32CubeIDE/plugins/com.st.stm32cube.ide.mcu.externaltools.gnu-tools-for-stm32.12.3.rel1.win32_1.0.200.202406191623/tools/bin/../lib/gcc/arm-none-eabi/12.3.1/../../../../arm-none-eabi/lib/thumb/v7e-m+fp/hard\libc_nano.a(libc_a-stdio.o) (_close_r)
C:/ST/STM32CubeIDE_1.16.0/STM32CubeIDE/plugins/com.st.stm32cube.ide.mcu.externaltools.gnu-tools-for-stm32.12.3.rel1.win32_1.0.200.202406191623/tools/bin/../lib/gcc/arm-none-eabi/12.3.1/../../../../arm-none-eabi/lib/thumb/v7e-m+fp/hard\libc_nano.a(libc_a-reent.o)
                              C:/ST/STM32CubeIDE_1.16.0/STM32CubeIDE/plugins/com.st.stm32cube.ide.mcu.externaltools.gnu-tools-for-stm32.12.3.rel1.win32_1.0.200.202406191623/tools/bin/../lib/gcc/arm-none-eabi/12.3.1/../../../../arm-none-eabi/lib/thumb/v7e-m+fp/hard\libc_nano.a(libc_a-closer.o) (errno)
C:/ST/STM32CubeIDE_1.16.0/STM32CubeIDE/plugins/com.st.stm32cube.ide.mcu.externaltools.gnu-tools-for-stm32.12.3.rel1.win32_1.0.200.202406191623/tools/bin/../lib/gcc/arm-none-eabi/12.3.1/../../../../arm-none-eabi/lib/thumb/v7e-m+fp/hard\libc_nano.a(libc_a-impure.o)
                              C:/ST/STM32CubeIDE_1.16.0/STM32CubeIDE/plugins/com.st.stm32cube.ide.mcu.externaltools.gnu-tools-for-stm32.12.3.rel1.win32_1.0.200.202406191623/tools/bin/../lib/gcc/arm-none-eabi/12.3.1/../../../../arm-none-eabi/lib/thumb/v7e-m+fp/hard\libc_nano.a(libc_a-reent.o) (_impure_ptr)
C:/ST/STM32CubeIDE_1.16.0/STM32CubeIDE/plugins/com.st.stm32cube.ide.mcu.externaltools.gnu-tools-for-stm32.12.3.rel1.win32_1.0.200.202406191623/tools/bin/../lib/gcc/arm-none-eabi/12.3.1/../../../../arm-none-eabi/lib/thumb/v7e-m+fp/hard\libc_nano.a(libc_a-lseekr.o)
[...]
Memory Configuration

Name             Origin             Length             Attributes
CCMRAM           0x10000000         0x00001000         xrw
RAM              0x20000000         0x00003000         xrw
FLASH            0x08000000         0x00010000         xr
*default*        0x00000000         0xffffffff

Linker script and memory map

LOAD C:/ST/STM32CubeIDE_1.16.0/STM32CubeIDE/plugins/com.st.stm32cube.ide.mcu.externaltools.gnu-tools-for-stm32.12.3.rel1.win32_1.0.200.202406191623/tools/bin/../lib/gcc/arm-none-eabi/12.3.1/thumb/v7e-m+fp/hard/crti.o
LOAD C:/ST/STM32CubeIDE_1.16.0/STM32CubeIDE/plugins/com.st.stm32cube.ide.mcu.externaltools.gnu-tools-for-stm32.12.3.rel1.win32_1.0.200.202406191623/tools/bin/../lib/gcc/arm-none-eabi/12.3.1/thumb/v7e-m+fp/hard/crtbegin.o
LOAD C:/ST/STM32CubeIDE_1.16.0/STM32CubeIDE/plugins/com.st.stm32cube.ide.mcu.externaltools.gnu-tools-for-stm32.12.3.rel1.win32_1.0.200.202406191623/tools/bin/../lib/gcc/arm-none-eabi/12.3.1/../../../../arm-none-eabi/lib/thumb/v7e-m+fp/hard/crt0.o
LOAD ./Core/Src/button_control.o
LOAD ./Core/Src/eeprom_control.o
LOAD ./Core/Src/led_control.o
LOAD ./Core/Src/main.o
LOAD ./Core/Src/motor_control.o
LOAD ./Core/Src/stm32f3xx_hal_msp.o
LOAD ./Core/Src/stm32f3xx_it.o
LOAD ./Core/Src/syscalls.o
LOAD ./Core/Src/sysmem.o
LOAD ./Core/Src/system_stm32f3xx.o
LOAD ./Core/Startup/startup_stm32f303k8tx.o
LOAD ./Drivers/STM32F3xx_HAL_Driver/Src/stm32f3xx_hal.o
LOAD ./Drivers/STM32F3xx_HAL_Driver/Src/stm32f3xx_hal_cortex.o
LOAD ./Drivers/STM32F3xx_HAL_Driver/Src/stm32f3xx_hal_dma.o
LOAD ./Drivers/STM32F3xx_HAL_Driver/Src/stm32f3xx_hal_exti.o
LOAD ./Drivers/STM32F3xx_HAL_Driver/Src/stm32f3xx_hal_flash.o
LOAD ./Drivers/STM32F3xx_HAL_Driver/Src/stm32f3xx_hal_flash_ex.o
LOAD ./Drivers/STM32F3xx_HAL_Driver/Src/stm32f3xx_hal_gpio.o
LOAD ./Drivers/STM32F3xx_HAL_Driver/Src/stm32f3xx_hal_i2c.o
LOAD ./Drivers/STM32F3xx_HAL_Driver/Src/stm32f3xx_hal_i2c_ex.o
LOAD ./Drivers/STM32F3xx_HAL_Driver/Src/stm32f3xx_hal_pwr.o
LOAD ./Drivers/STM32F3xx_HAL_Driver/Src/stm32f3xx_hal_pwr_ex.o
LOAD ./Drivers/STM32F3xx_HAL_Driver/Src/stm32f3xx_hal_rcc.o
LOAD ./Drivers/STM32F3xx_HAL_Driver/Src/stm32f3xx_hal_rcc_ex.o
LOAD ./Drivers/STM32F3xx_HAL_Driver/Src/stm32f3xx_hal_tim.o
LOAD ./Drivers/STM32F3xx_HAL_Driver/Src/stm32f3xx_hal_tim_ex.o
LOAD ./Drivers/STM32F3xx_HAL_Driver/Src/stm32f3xx_hal_uart.o
LOAD ./Drivers/STM32F3xx_HAL_Driver/Src/stm32f3xx_hal_uart_ex.o
START GROUP
LOAD C:/ST/STM32CubeIDE_1.16.0/STM32CubeIDE/plugins/com.st.stm32cube.ide.mcu.externaltools.gnu-tools-for-stm32.12.3.rel1.win32_1.0.200.202406191623/tools/bin/../lib/gcc/arm-none-eabi/12.3.1/../../../../arm-none-eabi/lib/thumb/v7e-m+fp/hard\libc_nano.a
LOAD C:/ST/STM32CubeIDE_1.16.0/STM32CubeIDE/plugins/com.st.stm32cube.ide.mcu.externaltools.gnu-tools-for-stm32.12.3.rel1.win32_1.0.200.202406191623/tools/bin/../lib/gcc/arm-none-eabi/12.3.1/../../../../arm-none-eabi/lib/thumb/v7e-m+fp/hard\libm.a
END GROUP
START GROUP
LOAD C:/ST/STM32CubeIDE_1.16.0/STM32CubeIDE/plugins/com.st.stm32cube.ide.mcu.externaltools.gnu-tools-for-stm32.12.3.rel1.win32_1.0.200.202406191623/tools/bin/../lib/gcc/arm-none-eabi/12.3.1/thumb/v7e-m+fp/hard\libgcc.a
LOAD C:/ST/STM32CubeIDE_1.16.0/STM32CubeIDE/plugins/com.st.stm32cube.ide.mcu.externaltools.gnu-tools-for-stm32.12.3.rel1.win32_1.0.200.202406191623/tools/bin/../lib/gcc/arm-none-eabi/12.3.1/../../../../arm-none-eabi/lib/thumb/v7e-m+fp/hard\libc_nano.a
END GROUP
START GROUP
LOAD C:/ST/STM32CubeIDE_1.16.0/STM32CubeIDE/plugins/com.st.stm32cube.ide.mcu.externaltools.gnu-tools-for-stm32.12.3.rel1.win32_1.0.200.202406191623/tools/bin/../lib/gcc/arm-none-eabi/12.3.1/thumb/v7e-m+fp/hard\libgcc.a
LOAD C:/ST/STM32CubeIDE_1.16.0/STM32CubeIDE/plugins/com.st.stm32cube.ide.mcu.externaltools.gnu-tools-for-stm32.12.3.rel1.win32_1.0.200.202406191623/tools/bin/../lib/gcc/arm-none-eabi/12.3.1/../../../../arm-none-eabi/lib/thumb/v7e-m+fp/hard\libc_nano.a
LOAD C:/ST/STM32CubeIDE_1.16.0/STM32CubeIDE/plugins/com.st.stm32cube.ide.mcu.externaltools.gnu-tools-for-stm32.12.3.rel1.win32_1.0.200.202406191623/tools/bin/../lib/gcc/arm-none-eabi/12.3.1/../../../../arm-none-eabi/lib/thumb/v7e-m+fp/hard\libnosys.a
END GROUP
START GROUP
LOAD C:/ST/STM32CubeIDE_1.16.0/STM32CubeIDE/plugins/com.st.stm32cube.ide.mcu.externaltools.gnu-tools-for-stm32.12.3.rel1.win32_1.0.200.202406191623/tools/bin/../lib/gcc/arm-none-eabi/12.3.1/thumb/v7e-m+fp/hard\libgcc.a
LOAD C:/ST/STM32CubeIDE_1.16.0/STM32CubeIDE/plugins/com.st.stm32cube.ide.mcu.externaltools.gnu-tools-for-stm32.12.3.rel1.win32_1.0.200.202406191623/tools/bin/../lib/gcc/arm-none-eabi/12.3.1/../../../../arm-none-eabi/lib/thumb/v7e-m+fp/hard\libc_nano.a
LOAD C:/ST/STM32CubeIDE_1.16.0/STM32CubeIDE/plugins/com.st.stm32cube.ide.mcu.externaltools.gnu-tools-for-stm32.12.3.rel1.win32_1.0.200.202406191623/tools/bin/../lib/gcc/arm-none-eabi/12.3.1/../../../../arm-none-eabi/lib/thumb/v7e-m+fp/hard\libnosys.a
END GROUP
LOAD C:/ST/STM32CubeIDE_1.16.0/STM32CubeIDE/plugins/com.st.stm32cube.ide.mcu.externaltools.gnu-tools-for-stm32.12.3.rel1.win32_1.0.200.202406191623/tools/bin/../lib/gcc/arm-none-eabi/12.3.1/thumb/v7e-m+fp/hard/crtend.o
LOAD C:/ST/STM32CubeIDE_1.16.0/STM32CubeIDE/plugins/com.st.stm32cube.ide.mcu.externaltools.gnu-tools-for-stm32.12.3.rel1.win32_1.0.200.202406191623/tools/bin/../lib/gcc/arm-none-eabi/12.3.1/thumb/v7e-m+fp/hard/crtn.o
                0x20003000                        _estack = (ORIGIN (RAM) + LENGTH (RAM))
                0x00000200                        _Min_Heap_Size = 0x200
                0x00000400                        _Min_Stack_Size = 0x400

.isr_vector     0x08000000      0x188
                0x08000000                        . = ALIGN (0x4)
 *(.isr_vector)
 .isr_vector    0x08000000      0x188 ./Core/Startup/startup_stm32f303k8tx.o
                0x08000000                g_pfnVectors
                0x08000188                        . = ALIGN (0x4)

.text           0x08000188     0x3a98
                0x08000188                        . = ALIGN (0x4)
 *(.text)
 .text          0x08000188       0x40 C:/ST/STM32CubeIDE_1.16.0/STM32CubeIDE/plugins/com.st.stm32cube.ide.mcu.externaltools.gnu-tools-for-stm32.12.3.rel1.win32_1.0.200.202406191623/tools/bin/../lib/gcc/arm-none-eabi/12.3.1/thumb/v7e-m+fp/hard/crtbegin.o
 *(.text*)
 .text.setButtonTimer
                0x080001c8       0x30 ./Core/Src/button_control.o
                0x080001c8                setButtonTimer
 .text.scanButton
                0x080001f8      0x144 ./Core/Src/button_control.o
                0x080001f8                scanButton
 .text.actionSetPasscode
                0x0800033c       0xb4 ./Core/Src/button_control.o
                0x0800033c                actionSetPasscode
 .text.actionEnterPasscode
                0x080003f0       0xb4 ./Core/Src/button_control.o
                0x080003f0                actionEnterPasscode
 .text.writeEEPROM
                0x080004a4       0x14 ./Core/Src/eeprom_control.o
                0x080004a4                writeEEPROM
 .text.setLEDTimer
                0x080004b8       0x30 ./Core/Src/led_control.o
                0x080004b8                setLEDTimer
 .text.errorLED
                0x080004e8        0xe ./Core/Src/led_control.o
                0x080004e8                errorLED
 .text.pendingLED
                0x080004f6        0xe ./Core/Src/led_control.o
                0x080004f6                pendingLED
 .text.activateLED
                0x08000504       0x44 ./Core/Src/led_control.o
                0x08000504                activateLED
 .text.disableLEDs
                0x08000548       0x54 ./Core/Src/led_control.o
                0x08000548                disableLEDs
 .text.blinkLED
                0x0800059c       0xc8 ./Core/Src/led_control.o
                0x0800059c                blinkLED
 .text.main     0x08000664       0x98 ./Core/Src/main.o
                0x08000664                main
 .text.SystemClock_Config
                0x080006fc       0xae ./Core/Src/main.o
                0x080006fc                SystemClock_Config
 *fill*         0x080007aa        0x2 
 .text.MX_I2C1_Init
                0x080007ac       0x80 ./Core/Src/main.o
 .text.MX_TIM1_Init
                0x0800082c       0xcc ./Core/Src/main.o
 .text.MX_TIM3_Init
                0x080008f8       0xc0 ./Core/Src/main.o
 .text.MX_USART1_UART_Init
                0x080009b8       0x60 ./Core/Src/main.o
 .text.MX_GPIO_Init
                0x08000a18      0x138 ./Core/Src/main.o
 .text.Error_Handler
                0x08000b50        0xc ./Core/Src/main.o
                0x08000b50                Error_Handler
 .text.actionLock
                0x08000b5c       0x10 ./Core/Src/motor_control.o
                0x08000b5c                actionLock
 .text.actionUnlock
                0x08000b6c       0x10 ./Core/Src/motor_control.o
                0x08000b6c                actionUnlock
 .text.powerMotor
                0x08000b7c       0x5e ./Core/Src/motor_control.o
                0x08000b7c                powerMotor
 *fill*         0x08000bda        0x2 
 .text.HAL_MspInit
                0x08000bdc       0x48 ./Core/Src/stm32f3xx_hal_msp.o
                0x08000bdc                HAL_MspInit
 .text.HAL_I2C_MspInit
                0x08000c24       0x88 ./Core/Src/stm32f3xx_hal_msp.o
                0x08000c24                HAL_I2C_MspInit
 .text.HAL_TIM_Base_MspInit
                0x08000cac       0x68 ./Core/Src/stm32f3xx_hal_msp.o
                0x08000cac                HAL_TIM_Base_MspInit
 .text.HAL_UART_MspInit
                0x08000d14       0x88 ./Core/Src/stm32f3xx_hal_msp.o
                0x08000d14                HAL_UART_MspInit
 .text.NMI_Handler
                0x08000d9c        0x8 ./Core/Src/stm32f3xx_it.o
                0x08000d9c                NMI_Handler
 .text.HardFault_Handler
                0x08000da4        0x8 ./Core/Src/stm32f3xx_it.o
                0x08000da4                HardFault_Handler
 .text.MemManage_Handler
                0x08000dac        0x8 ./Core/Src/stm32f3xx_it.o
                0x08000dac                MemManage_Handler
 .text.BusFault_Handler
                0x08000db4        0x8 ./Core/Src/stm32f3xx_it.o
                0x08000db4                BusFault_Handler
 .text.UsageFault_Handler
                0x08000dbc        0x8 ./Core/Src/stm32f3xx_it.o
                0x08000dbc                UsageFault_Handler
 .text.SVC_Handler
                0x08000dc4        0xe ./Core/Src/stm32f3xx_it.o
                0x08000dc4                SVC_Handler
 .text.DebugMon_Handler
                0x08000dd2        0xe ./Core/Src/stm32f3xx_it.o
                0x08000dd2                DebugMon_Handler
 .text.PendSV_Handler
                0x08000de0        0xe ./Core/Src/stm32f3xx_it.o
                0x08000de0                PendSV_Handler
 .text.SysTick_Handler
                0x08000dee        0xc ./Core/Src/stm32f3xx_it.o
                0x08000dee                SysTick_Handler
 *fill*         0x08000dfa        0x2 
 .text.SystemInit
                0x08000dfc       0x24 ./Core/Src/system_stm32f3xx.o
                0x08000dfc                SystemInit
 .text.Reset_Handler
                0x08000e20       0x50 ./Core/Startup/startup_stm32f303k8tx.o
                0x08000e20                Reset_Handler
 .text.Default_Handler
                0x08000e70        0x2 ./Core/Startup/startup_stm32f303k8tx.o
                0x08000e70                RTC_Alarm_IRQHandler
                0x08000e70                TIM1_CC_IRQHandler
                0x08000e70                PVD_IRQHandler
                0x08000e70                TAMP_STAMP_IRQHandler
                0x08000e70                EXTI3_IRQHandler
                0x08000e70                EXTI0_IRQHandler
                0x08000e70                FPU_IRQHandler
                0x08000e70                CAN_TX_IRQHandler
                0x08000e70                TIM1_UP_TIM16_IRQHandler
                0x08000e70                ADC1_2_IRQHandler
                0x08000e70                SPI1_IRQHandler
                0x08000e70                CAN_SCE_IRQHandler
                0x08000e70                DMA1_Channel4_IRQHandler
                0x08000e70                USART3_IRQHandler
                0x08000e70                DMA1_Channel7_IRQHandler
                0x08000e70                TIM7_DAC2_IRQHandler
                0x08000e70                CAN_RX1_IRQHandler
                0x08000e70                I2C1_EV_IRQHandler
                0x08000e70                DMA1_Channel6_IRQHandler
                0x08000e70                TIM3_IRQHandler
                0x08000e70                RCC_IRQHandler
                0x08000e70                DMA1_Channel1_IRQHandler
                0x08000e70                Default_Handler
                0x08000e70                EXTI15_10_IRQHandler
                0x08000e70                COMP2_IRQHandler
                0x08000e70                TIM6_DAC1_IRQHandler
                0x08000e70                EXTI9_5_IRQHandler
                0x08000e70                RTC_WKUP_IRQHandler
                0x08000e70                DMA1_Channel5_IRQHandler
                0x08000e70                EXTI4_IRQHandler
                0x08000e70                TIM1_TRG_COM_TIM17_IRQHandler
                0x08000e70                DMA1_Channel3_IRQHandler
                0x08000e70                WWDG_IRQHandler
                0x08000e70                TIM2_IRQHandler
                0x08000e70                EXTI1_IRQHandler
                0x08000e70                COMP4_6_IRQHandler
                0x08000e70                USART2_IRQHandler
                0x08000e70                DMA1_Channel2_IRQHandler
                0x08000e70                FLASH_IRQHandler
                0x08000e70                USART1_IRQHandler
                0x08000e70                CAN_RX0_IRQHandler
                0x08000e70                I2C1_ER_IRQHandler
                0x08000e70                EXTI2_TSC_IRQHandler
                0x08000e70                TIM1_BRK_TIM15_IRQHandler
 *fill*         0x08000e72        0x2 
 .text.HAL_Init
                0x08000e74       0x2c ./Drivers/STM32F3xx_HAL_Driver/Src/stm32f3xx_hal.o
                0x08000e74                HAL_Init
 .text.HAL_InitTick
                0x08000ea0       0x60 ./Drivers/STM32F3xx_HAL_Driver/Src/stm32f3xx_hal.o
                0x08000ea0                HAL_InitTick
 .text.HAL_IncTick
                0x08000f00       0x28 ./Drivers/STM32F3xx_HAL_Driver/Src/stm32f3xx_hal.o
                0x08000f00                HAL_IncTick
 .text.HAL_GetTick
                0x08000f28       0x18 ./Drivers/STM32F3xx_HAL_Driver/Src/stm32f3xx_hal.o
                0x08000f28                HAL_GetTick
 .text.HAL_Delay
                0x08000f40       0x48 ./Drivers/STM32F3xx_HAL_Driver/Src/stm32f3xx_hal.o
                0x08000f40                HAL_Delay
 .text.__NVIC_SetPriorityGrouping
                0x08000f88       0x48 ./Drivers/STM32F3xx_HAL_Driver/Src/stm32f3xx_hal_cortex.o
 .text.__NVIC_GetPriorityGrouping
                0x08000fd0       0x1c ./Drivers/STM32F3xx_HAL_Driver/Src/stm32f3xx_hal_cortex.o
 .text.__NVIC_SetPriority
                0x08000fec       0x54 ./Drivers/STM32F3xx_HAL_Driver/Src/stm32f3xx_hal_cortex.o
 .text.NVIC_EncodePriority
                0x08001040       0x66 ./Drivers/STM32F3xx_HAL_Driver/Src/stm32f3xx_hal_cortex.o
 *fill*         0x080010a6        0x2 
 .text.SysTick_Config
                0x080010a8       0x44 ./Drivers/STM32F3xx_HAL_Driver/Src/stm32f3xx_hal_cortex.o
 .text.HAL_NVIC_SetPriorityGrouping
                0x080010ec       0x16 ./Drivers/STM32F3xx_HAL_Driver/Src/stm32f3xx_hal_cortex.o
                0x080010ec                HAL_NVIC_SetPriorityGrouping
 .text.HAL_NVIC_SetPriority
                0x08001102       0x38 ./Drivers/STM32F3xx_HAL_Driver/Src/stm32f3xx_hal_cortex.o
                0x08001102                HAL_NVIC_SetPriority
 .text.HAL_SYSTICK_Config
                0x0800113a       0x18 ./Drivers/STM32F3xx_HAL_Driver/Src/stm32f3xx_hal_cortex.o
                0x0800113a                HAL_SYSTICK_Config
 *fill*         0x08001152        0x2 
 .text.HAL_GPIO_Init
                0x08001154      0x2e4 ./Drivers/STM32F3xx_HAL_Driver/Src/stm32f3xx_hal_gpio.o
                0x08001154                HAL_GPIO_Init
 .text.HAL_GPIO_ReadPin
                0x08001438       0x30 ./Drivers/STM32F3xx_HAL_Driver/Src/stm32f3xx_hal_gpio.o
                0x08001438                HAL_GPIO_ReadPin
 .text.HAL_GPIO_WritePin
                0x08001468       0x30 ./Drivers/STM32F3xx_HAL_Driver/Src/stm32f3xx_hal_gpio.o
                0x08001468                HAL_GPIO_WritePin
 .text.HAL_I2C_Init
                0x08001498      0x136 ./Drivers/STM32F3xx_HAL_Driver/Src/stm32f3xx_hal_i2c.o
                0x08001498                HAL_I2C_Init
 .text.HAL_I2CEx_ConfigAnalogFilter
                0x080015ce       0x96 ./Drivers/STM32F3xx_HAL_Driver/Src/stm32f3xx_hal_i2c_ex.o
                0x080015ce                HAL_I2CEx_ConfigAnalogFilter
 .text.HAL_I2CEx_ConfigDigitalFilter
                0x08001664       0x98 ./Drivers/STM32F3xx_HAL_Driver/Src/stm32f3xx_hal_i2c_ex.o
                0x08001664                HAL_I2CEx_ConfigDigitalFilter
 .text.HAL_RCC_OscConfig
                0x080016fc     0x107c ./Drivers/STM32F3xx_HAL_Driver/Src/stm32f3xx_hal_rcc.o
                0x080016fc                HAL_RCC_OscConfig
 .text.HAL_RCC_ClockConfig
                0x08002778      0x2f8 ./Drivers/STM32F3xx_HAL_Driver/Src/stm32f3xx_hal_rcc.o
                0x08002778                HAL_RCC_ClockConfig
 .text.HAL_RCC_GetSysClockFreq
                0x08002a70       0xa8 ./Drivers/STM32F3xx_HAL_Driver/Src/stm32f3xx_hal_rcc.o
                0x08002a70                HAL_RCC_GetSysClockFreq
 .text.HAL_RCC_GetHCLKFreq
                0x08002b18       0x18 ./Drivers/STM32F3xx_HAL_Driver/Src/stm32f3xx_hal_rcc.o
                0x08002b18                HAL_RCC_GetHCLKFreq
 .text.HAL_RCC_GetPCLK1Freq
                0x08002b30       0x44 ./Drivers/STM32F3xx_HAL_Driver/Src/stm32f3xx_hal_rcc.o
                0x08002b30                HAL_RCC_GetPCLK1Freq
 .text.HAL_RCC_GetPCLK2Freq
                0x08002b74       0x44 ./Drivers/STM32F3xx_HAL_Driver/Src/stm32f3xx_hal_rcc.o
                0x08002b74                HAL_RCC_GetPCLK2Freq
 .text.HAL_RCCEx_PeriphCLKConfig
                0x08002bb8      0x24c ./Drivers/STM32F3xx_HAL_Driver/Src/stm32f3xx_hal_rcc_ex.o
                0x08002bb8                HAL_RCCEx_PeriphCLKConfig
 .text.HAL_TIM_Base_Init
                0x08002e04       0xae ./Drivers/STM32F3xx_HAL_Driver/Src/stm32f3xx_hal_tim.o
                0x08002e04                HAL_TIM_Base_Init
 *fill*         0x08002eb2        0x2 
 .text.HAL_TIM_Base_Start
                0x08002eb4       0xa8 ./Drivers/STM32F3xx_HAL_Driver/Src/stm32f3xx_hal_tim.o
                0x08002eb4                HAL_TIM_Base_Start
 .text.HAL_TIM_Base_Stop
                0x08002f5c       0x4e ./Drivers/STM32F3xx_HAL_Driver/Src/stm32f3xx_hal_tim.o
                0x08002f5c                HAL_TIM_Base_Stop
 .text.HAL_TIM_ConfigClockSource
                0x08002faa      0x192 ./Drivers/STM32F3xx_HAL_Driver/Src/stm32f3xx_hal_tim.o
                0x08002faa                HAL_TIM_ConfigClockSource
 .text.TIM_Base_SetConfig
                0x0800313c      0x108 ./Drivers/STM32F3xx_HAL_Driver/Src/stm32f3xx_hal_tim.o
                0x0800313c                TIM_Base_SetConfig
 .text.TIM_TI1_ConfigInputStage
                0x08003244       0x5e ./Drivers/STM32F3xx_HAL_Driver/Src/stm32f3xx_hal_tim.o
 .text.TIM_TI2_ConfigInputStage
                0x080032a2       0x60 ./Drivers/STM32F3xx_HAL_Driver/Src/stm32f3xx_hal_tim.o
 .text.TIM_ITRx_SetConfig
                0x08003302       0x36 ./Drivers/STM32F3xx_HAL_Driver/Src/stm32f3xx_hal_tim.o
 .text.TIM_ETR_SetConfig
                0x08003338       0x40 ./Drivers/STM32F3xx_HAL_Driver/Src/stm32f3xx_hal_tim.o
                0x08003338                TIM_ETR_SetConfig
 .text.HAL_TIMEx_MasterConfigSynchronization
                0x08003378       0xdc ./Drivers/STM32F3xx_HAL_Driver/Src/stm32f3xx_hal_tim_ex.o
                0x08003378                HAL_TIMEx_MasterConfigSynchronization
 .text.HAL_UART_Init
                0x08003454       0x9c ./Drivers/STM32F3xx_HAL_Driver/Src/stm32f3xx_hal_uart.o
                0x08003454                HAL_UART_Init
 .text.UART_SetConfig
                0x080034f0      0x26c ./Drivers/STM32F3xx_HAL_Driver/Src/stm32f3xx_hal_uart.o
                0x080034f0                UART_SetConfig
 .text.UART_AdvFeatureConfig
                0x0800375c      0x144 ./Drivers/STM32F3xx_HAL_Driver/Src/stm32f3xx_hal_uart.o
                0x0800375c                UART_AdvFeatureConfig
 .text.UART_CheckIdleState
                0x080038a0      0x150 ./Drivers/STM32F3xx_HAL_Driver/Src/stm32f3xx_hal_uart.o
                0x080038a0                UART_CheckIdleState
 .text.UART_WaitOnFlagUntilTimeout
                0x080039f0       0xda ./Drivers/STM32F3xx_HAL_Driver/Src/stm32f3xx_hal_uart.o
                0x080039f0                UART_WaitOnFlagUntilTimeout
 .text.UART_EndRxTransfer
                0x08003aca       0xc8 ./Drivers/STM32F3xx_HAL_Driver/Src/stm32f3xx_hal_uart.o
 .text.memset   0x08003b92       0x10 C:/ST/STM32CubeIDE_1.16.0/STM32CubeIDE/plugins/com.st.stm32cube.ide.mcu.externaltools.gnu-tools-for-stm32.12.3.rel1.win32_1.0.200.202406191623/tools/bin/../lib/gcc/arm-none-eabi/12.3.1/../../../../arm-none-eabi/lib/thumb/v7e-m+fp/hard\libc_nano.a(libc_a-memset.o)
                0x08003b92                memset
 *fill*         0x08003ba2        0x2 
 .text.__libc_init_array
                0x08003ba4       0x48 C:/ST/STM32CubeIDE_1.16.0/STM32CubeIDE/plugins/com.st.stm32cube.ide.mcu.externaltools.gnu-tools-for-stm32.12.3.rel1.win32_1.0.200.202406191623/tools/bin/../lib/gcc/arm-none-eabi/12.3.1/../../../../arm-none-eabi/lib/thumb/v7e-m+fp/hard\libc_nano.a(libc_a-init.o)
                0x08003ba4                __libc_init_array
 .text.memcpy   0x08003bec       0x1c C:/ST/STM32CubeIDE_1.16.0/STM32CubeIDE/plugins/com.st.stm32cube.ide.mcu.externaltools.gnu-tools-for-stm32.12.3.rel1.win32_1.0.200.202406191623/tools/bin/../lib/gcc/arm-none-eabi/12.3.1/../../../../arm-none-eabi/lib/thumb/v7e-m+fp/hard\libc_nano.a(libc_a-memcpy-stub.o)
                0x08003bec                memcpy
 *(.glue_7)
 .glue_7        0x08003c08        0x0 linker stubs
 *(.glue_7t)
 .glue_7t       0x08003c08        0x0 linker stubs
 *(.eh_frame)
 .eh_frame      0x08003c08        0x0 C:/ST/STM32CubeIDE_1.16.0/STM32CubeIDE/plugins/com.st.stm32cube.ide.mcu.externaltools.gnu-tools-for-stm32.12.3.rel1.win32_1.0.200.202406191623/tools/bin/../lib/gcc/arm-none-eabi/12.3.1/thumb/v7e-m+fp/hard/crtbegin.o
 *(.init)
 .init          0x08003c08        0x4 C:/ST/STM32CubeIDE_1.16.0/STM32CubeIDE/plugins/com.st.stm32cube.ide.mcu.externaltools.gnu-tools-for-stm32.12.3.rel1.win32_1.0.200.202406191623/tools/bin/../lib/gcc/arm-none-eabi/12.3.1/thumb/v7e-m+fp/hard/crti.o
                0x08003c08                _init
 .init          0x08003c0c        0x8 C:/ST/STM32CubeIDE_1.16.0/STM32CubeIDE/plugins/com.st.stm32cube.ide.mcu.externaltools.gnu-tools-for-stm32.12.3.rel1.win32_1.0.200.202406191623/tools/bin/../lib/gcc/arm-none-eabi/12.3.1/thumb/v7e-m+fp/hard/crtn.o
 *(.fini)
 .fini          0x08003c14        0x4 C:/ST/STM32CubeIDE_1.16.0/STM32CubeIDE/plugins/com.st.stm32cube.ide.mcu.externaltools.gnu-tools-for-stm32.12.3.rel1.win32_1.0.200.202406191623/tools/bin/../lib/gcc/arm-none-eabi/12.3.1/thumb/v7e-m+fp/hard/crti.o
                0x08003c14                _fini
 .fini          0x08003c18        0x8 C:/ST/STM32CubeIDE_1.16.0/STM32CubeIDE/plugins/com.st.stm32cube.ide.mcu.externaltools.gnu-tools-for-stm32.12.3.rel1.win32_1.0.200.202406191623/tools/bin/../lib/gcc/arm-none-eabi/12.3.1/thumb/v7e-m+fp/hard/crtn.o
                0x08003c20                        . = ALIGN (0x4)
                0x08003c20                        _etext = .

.vfp11_veneer   0x08003c20        0x0
 .vfp11_veneer  0x08003c20        0x0 linker stubs

.v4_bx          0x08003c20        0x0
 .v4_bx         0x08003c20        0x0 linker stubs

.iplt           0x08003c20        0x0
 .iplt          0x08003c20        0x0 C:/ST/STM32CubeIDE_1.16.0/STM32CubeIDE/plugins/com.st.stm32cube.ide.mcu.externaltools.gnu-tools-for-stm32.12.3.rel1.win32_1.0.200.202406191623/tools/bin/../lib/gcc/arm-none-eabi/12.3.1/thumb/v7e-m+fp/hard/crtbegin.o

.rodata         0x08003c20       0x38
                0x08003c20                        . = ALIGN (0x4)
 *(.rodata)
 *(.rodata*)
 .rodata.AHBPrescTable
                0x08003c20       0x10 ./Core/Src/system_stm32f3xx.o
                0x08003c20                AHBPrescTable
 .rodata.APBPrescTable
                0x08003c30        0x8 ./Core/Src/system_stm32f3xx.o
                0x08003c30                APBPrescTable
 .rodata.aPLLMULFactorTable
                0x08003c38       0x10 ./Drivers/STM32F3xx_HAL_Driver/Src/stm32f3xx_hal_rcc.o
 .rodata.aPredivFactorTable
                0x08003c48       0x10 ./Drivers/STM32F3xx_HAL_Driver/Src/stm32f3xx_hal_rcc.o
                0x08003c58                        . = ALIGN (0x4)

.ARM.extab      0x08003c58        0x0
                0x08003c58                        . = ALIGN (0x4)
 *(.ARM.extab* .gnu.linkonce.armextab.*)
                0x08003c58                        . = ALIGN (0x4)

.ARM            0x08003c58        0x0
                0x08003c58                        . = ALIGN (0x4)
                0x08003c58                        __exidx_start = .
 *(.ARM.exidx*)
                0x08003c58                        __exidx_end = .
                0x08003c58                        . = ALIGN (0x4)

.preinit_array  0x08003c58        0x0
                0x08003c58                        . = ALIGN (0x4)
                0x08003c58                        PROVIDE (__preinit_array_start = .)
 *(.preinit_array*)
                0x08003c58                        PROVIDE (__preinit_array_end = .)
                0x08003c58                        . = ALIGN (0x4)

.init_array     0x08003c58        0x4
                0x08003c58                        . = ALIGN (0x4)
                0x08003c58                        PROVIDE (__init_array_start = .)
 *(SORT_BY_NAME(.init_array.*))
 *(.init_array*)
 .init_array    0x08003c58        0x4 C:/ST/STM32CubeIDE_1.16.0/STM32CubeIDE/plugins/com.st.stm32cube.ide.mcu.externaltools.gnu-tools-for-stm32.12.3.rel1.win32_1.0.200.202406191623/tools/bin/../lib/gcc/arm-none-eabi/12.3.1/thumb/v7e-m+fp/hard/crtbegin.o
                0x08003c5c                        PROVIDE (__init_array_end = .)
                0x08003c5c                        . = ALIGN (0x4)

.fini_array     0x08003c5c        0x4
                0x08003c5c                        . = ALIGN (0x4)
                [!provide]                        PROVIDE (__fini_array_start = .)
 *(SORT_BY_NAME(.fini_array.*))
 *(.fini_array*)
 .fini_array    0x08003c5c        0x4 C:/ST/STM32CubeIDE_1.16.0/STM32CubeIDE/plugins/com.st.stm32cube.ide.mcu.externaltools.gnu-tools-for-stm32.12.3.rel1.win32_1.0.200.202406191623/tools/bin/../lib/gcc/arm-none-eabi/12.3.1/thumb/v7e-m+fp/hard/crtbegin.o
                [!provide]                        PROVIDE (__fini_array_end = .)
                0x08003c60                        . = ALIGN (0x4)
                0x08003c60                        _sidata = LOADADDR (.data)

.rel.dyn        0x08003c60        0x0
 .rel.iplt      0x08003c60        0x0 C:/ST/STM32CubeIDE_1.16.0/STM32CubeIDE/plugins/com.st.stm32cube.ide.mcu.externaltools.gnu-tools-for-stm32.12.3.rel1.win32_1.0.200.202406191623/tools/bin/../lib/gcc/arm-none-eabi/12.3.1/thumb/v7e-m+fp/hard/crtbegin.o

.data           0x20000000       0x34 load address 0x08003c60
                0x20000000                        . = ALIGN (0x4)
                0x20000000                        _sdata = .
 *(.data)
 *(.data*)
 .data.GPIO_PORT
                0x20000000        0xc ./Core/Src/button_control.o
                0x20000000                GPIO_PORT
 .data.GPIO_PIN
                0x2000000c        0x6 ./Core/Src/button_control.o
                0x2000000c                GPIO_PIN
 *fill*         0x20000012        0x2 
 .data.LED_PORTS
                0x20000014        0xc ./Core/Src/led_control.o
                0x20000014                LED_PORTS
 .data.LED_PINS
                0x20000020        0x6 ./Core/Src/led_control.o
                0x20000020                LED_PINS
 *fill*         0x20000026        0x2 
 .data.SystemCoreClock
                0x20000028        0x4 ./Core/Src/system_stm32f3xx.o
                0x20000028                SystemCoreClock
 .data.uwTickPrio
                0x2000002c        0x4 ./Drivers/STM32F3xx_HAL_Driver/Src/stm32f3xx_hal.o
                0x2000002c                uwTickPrio
 .data.uwTickFreq
                0x20000030        0x1 ./Drivers/STM32F3xx_HAL_Driver/Src/stm32f3xx_hal.o
                0x20000030                uwTickFreq
 *(.RamFunc)
 *(.RamFunc*)
                0x20000034                        . = ALIGN (0x4)
 *fill*         0x20000031        0x3 
                0x20000034                        _edata = .
                0x08003c94                        _siccmram = LOADADDR (.ccmram)

.igot.plt       0x20000034        0x0 load address 0x08003c94
 .igot.plt      0x20000034        0x0 C:/ST/STM32CubeIDE_1.16.0/STM32CubeIDE/plugins/com.st.stm32cube.ide.mcu.externaltools.gnu-tools-for-stm32.12.3.rel1.win32_1.0.200.202406191623/tools/bin/../lib/gcc/arm-none-eabi/12.3.1/thumb/v7e-m+fp/hard/crtbegin.o

.ccmram         0x10000000        0x0 load address 0x08003c94
                0x10000000                        . = ALIGN (0x4)
                0x10000000                        _sccmram = .
 *(.ccmram)
 *(.ccmram*)
                0x10000000                        . = ALIGN (0x4)
                0x10000000                        _eccmram = .
                0x10000000                        . = ALIGN (0x4)

.bss            0x20000034      0x1ac
                0x20000034                        _sbss = .
                0x20000034                        __bss_start__ = _sbss
 *(.bss)
 .bss           0x20000034       0x1c C:/ST/STM32CubeIDE_1.16.0/STM32CubeIDE/plugins/com.st.stm32cube.ide.mcu.externaltools.gnu-tools-for-stm32.12.3.rel1.win32_1.0.200.202406191623/tools/bin/../lib/gcc/arm-none-eabi/12.3.1/thumb/v7e-m+fp/hard/crtbegin.o
 *(.bss*)
 .bss.passcode  0x20000050        0x4 ./Core/Src/button_control.o
                0x20000050                passcode
 .bss.index.3   0x20000054        0x2 ./Core/Src/button_control.o
 *fill*         0x20000056        0x2 
 .bss.passcodeBuffer.2
                0x20000058        0x4 ./Core/Src/button_control.o
 .bss.index.1   0x2000005c        0x2 ./Core/Src/button_control.o
 *fill*         0x2000005e        0x2 
 .bss.passcodeBuffer.0
                0x20000060        0x4 ./Core/Src/button_control.o
 .bss.activeLED
                0x20000064        0x2 ./Core/Src/led_control.o
                0x20000064                activeLED
 .bss.activeLEDState
                0x20000066        0x1 ./Core/Src/led_control.o
                0x20000066                activeLEDState
 *fill*         0x20000067        0x1 
 .bss.hi2c1     0x20000068       0x54 ./Core/Src/main.o
                0x20000068                hi2c1
 .bss.htim1     0x200000bc       0x4c ./Core/Src/main.o
                0x200000bc                htim1
 .bss.htim3     0x20000108       0x4c ./Core/Src/main.o
                0x20000108                htim3
 .bss.huart1    0x20000154       0x88 ./Core/Src/main.o
                0x20000154                huart1
 .bss.uwTick    0x200001dc        0x4 ./Drivers/STM32F3xx_HAL_Driver/Src/stm32f3xx_hal.o
                0x200001dc                uwTick
 *(COMMON)
                0x200001e0                        . = ALIGN (0x4)
                0x200001e0                        _ebss = .
                0x200001e0                        __bss_end__ = _ebss

._user_heap_stack
                0x200001e0      0x600
                0x200001e0                        . = ALIGN (0x8)
                [!provide]                        PROVIDE (end = .)
                0x200001e0                        PROVIDE (_end = .)
                0x200003e0                        . = (. + _Min_Heap_Size)
 *fill*         0x200001e0      0x200 
                0x200007e0                        . = (. + _Min_Stack_Size)
 *fill*         0x200003e0      0x400 
                0x200007e0                        . = ALIGN (0x8)

/DISCARD/
 libc.a(*)
 libm.a(*)
 libgcc.a(*)

.ARM.attributes
                0x00000000       0x30
 *(.ARM.attributes)
 .ARM.attributes
                0x00000000       0x22 C:/ST/STM32CubeIDE_1.16.0/STM32CubeIDE/plugins/com.st.stm32cube.ide.mcu.externaltools.gnu-tools-for-stm32.12.3.rel1.win32_1.0.200.202406191623/tools/bin/../lib/gcc/arm-none-eabi/12.3.1/thumb/v7e-m+fp/hard/crti.o
 .ARM.attributes
                0x00000022       0x34 C:/ST/STM32CubeIDE_1.16.0/STM32CubeIDE/plugins/com.st.stm32cube.ide.mcu.externaltools.gnu-tools-for-stm32.12.3.rel1.win32_1.0.200.202406191623/tools/bin/../lib/gcc/arm-none-eabi/12.3.1/thumb/v7e-m+fp/hard/crtbegin.o
 .ARM.attributes
                0x00000056       0x34 ./Core/Src/button_control.o
 .ARM.attributes
                0x0000008a       0x34 ./Core/Src/eeprom_control.o
 .ARM.attributes
                0x000000be       0x34 ./Core/Src/led_control.o
 .ARM.attributes
                0x000000f2       0x34 ./Core/Src/main.o
 .ARM.attributes
                0x00000126       0x34 ./Core/Src/motor_control.o
 .ARM.attributes
                0x0000015a       0x34 ./Core/Src/stm32f3xx_hal_msp.o
 .ARM.attributes
                0x0000018e       0x34 ./Core/Src/stm32f3xx_it.o
 .ARM.attributes
                0x000001c2       0x34 ./Core/Src/system_stm32f3xx.o
 .ARM.attributes
                0x000001f6       0x21 ./Core/Startup/startup_stm32f303k8tx.o
 .ARM.attributes
                0x00000217       0x34 ./Drivers/STM32F3xx_HAL_Driver/Src/stm32f3xx_hal.o
 .ARM.attributes
                0x0000024b       0x34 ./Drivers/STM32F3xx_HAL_Driver/Src/stm32f3xx_hal_cortex.o
 .ARM.attributes
                0x0000027f       0x34 ./Drivers/STM32F3xx_HAL_Driver/Src/stm32f3xx_hal_gpio.o
 .ARM.attributes
                0x000002b3       0x34 ./Drivers/STM32F3xx_HAL_Driver/Src/stm32f3xx_hal_i2c.o
 .ARM.attributes
                0x000002e7       0x34 ./Drivers/STM32F3xx_HAL_Driver/Src/stm32f3xx_hal_i2c_ex.o
 .ARM.attributes
                0x0000031b       0x34 ./Drivers/STM32F3xx_HAL_Driver/Src/stm32f3xx_hal_rcc.o
 .ARM.attributes
                0x0000034f       0x34 ./Drivers/STM32F3xx_HAL_Driver/Src/stm32f3xx_hal_rcc_ex.o
 .ARM.attributes
                0x00000383       0x34 ./Drivers/STM32F3xx_HAL_Driver/Src/stm32f3xx_hal_tim.o
 .ARM.attributes
                0x000003b7       0x34 ./Drivers/STM32F3xx_HAL_Driver/Src/stm32f3xx_hal_tim_ex.o
 .ARM.attributes
                0x000003eb       0x34 ./Drivers/STM32F3xx_HAL_Driver/Src/stm32f3xx_hal_uart.o
 .ARM.attributes
                0x0000041f       0x34 C:/ST/STM32CubeIDE_1.16.0/STM32CubeIDE/plugins/com.st.stm32cube.ide.mcu.externaltools.gnu-tools-for-stm32.12.3.rel1.win32_1.0.200.202406191623/tools/bin/../lib/gcc/arm-none-eabi/12.3.1/../../../../arm-none-eabi/lib/thumb/v7e-m+fp/hard\libc_nano.a(libc_a-memset.o)
 .ARM.attributes
                0x00000453       0x34 C:/ST/STM32CubeIDE_1.16.0/STM32CubeIDE/plugins/com.st.stm32cube.ide.mcu.externaltools.gnu-tools-for-stm32.12.3.rel1.win32_1.0.200.202406191623/tools/bin/../lib/gcc/arm-none-eabi/12.3.1/../../../../arm-none-eabi/lib/thumb/v7e-m+fp/hard\libc_nano.a(libc_a-init.o)
 .ARM.attributes
                0x00000487       0x34 C:/ST/STM32CubeIDE_1.16.0/STM32CubeIDE/plugins/com.st.stm32cube.ide.mcu.externaltools.gnu-tools-for-stm32.12.3.rel1.win32_1.0.200.202406191623/tools/bin/../lib/gcc/arm-none-eabi/12.3.1/../../../../arm-none-eabi/lib/thumb/v7e-m+fp/hard\libc_nano.a(libc_a-memcpy-stub.o)
 .ARM.attributes
                0x000004bb       0x22 C:/ST/STM32CubeIDE_1.16.0/STM32CubeIDE/plugins/com.st.stm32cube.ide.mcu.externaltools.gnu-tools-for-stm32.12.3.rel1.win32_1.0.200.202406191623/tools/bin/../lib/gcc/arm-none-eabi/12.3.1/thumb/v7e-m+fp/hard/crtn.o
OUTPUT(DoorLock.elf elf32-littlearm)
LOAD linker stubs
LOAD C:/ST/STM32CubeIDE_1.16.0/STM32CubeIDE/plugins/com.st.stm32cube.ide.mcu.externaltools.gnu-tools-for-stm32.12.3.rel1.win32_1.0.200.202406191623/tools/bin/../lib/gcc/arm-none-eabi/12.3.1/../../../../arm-none-eabi/lib/thumb/v7e-m+fp/hard\libc.a
LOAD C:/ST/STM32CubeIDE_1.16.0/STM32CubeIDE/plugins/com.st.stm32cube.ide.mcu.externaltools.gnu-tools-for-stm32.12.3.rel1.win32_1.0.200.202406191623/tools/bin/../lib/gcc/arm-none-eabi/12.3.1/../../../../arm-none-eabi/lib/thumb/v7e-m+fp/hard\libm.a
LOAD C:/ST/STM32CubeIDE_1.16.0/STM32CubeIDE/plugins/com.st.stm32cube.ide.mcu.externaltools.gnu-tools-for-stm32.12.3.rel1.win32_1.0.200.202406191623/tools/bin/../lib/gcc/arm-none-eabi/12.3.1/thumb/v7e-m+fp/hard\libgcc.a

.debug_info     0x00000000    0x11596
 .debug_info    0x00000000      0x9f8 ./Core/Src/button_control.o
 .debug_info    0x000009f8      0x10b ./Core/Src/eeprom_control.o
 .debug_info    0x00000b03      0x897 ./Core/Src/led_control.o
 .debug_info    0x0000139a     0x14e3 ./Core/Src/main.o
 .debug_info    0x0000287d      0x21e ./Core/Src/motor_control.o
 .debug_info    0x00002a9b     0x107a ./Core/Src/stm32f3xx_hal_msp.o
 .debug_info    0x00003b15      0x113 ./Core/Src/stm32f3xx_it.o
 .debug_info    0x00003c28      0x407 ./Core/Src/system_stm32f3xx.o
 .debug_info    0x0000402f       0x30 ./Core/Startup/startup_stm32f303k8tx.o
 .debug_info    0x0000405f      0x74a ./Drivers/STM32F3xx_HAL_Driver/Src/stm32f3xx_hal.o
 .debug_info    0x000047a9      0xa87 ./Drivers/STM32F3xx_HAL_Driver/Src/stm32f3xx_hal_cortex.o
 .debug_info    0x00005230      0x6a6 ./Drivers/STM32F3xx_HAL_Driver/Src/stm32f3xx_hal_gpio.o
 .debug_info    0x000058d6     0x20c3 ./Drivers/STM32F3xx_HAL_Driver/Src/stm32f3xx_hal_i2c.o
 .debug_info    0x00007999      0x8c0 ./Drivers/STM32F3xx_HAL_Driver/Src/stm32f3xx_hal_i2c_ex.o
 .debug_info    0x00008259     0x148a ./Drivers/STM32F3xx_HAL_Driver/Src/stm32f3xx_hal_rcc.o
 .debug_info    0x000096e3      0x52e ./Drivers/STM32F3xx_HAL_Driver/Src/stm32f3xx_hal_rcc_ex.o
 .debug_info    0x00009c11     0x2a70 ./Drivers/STM32F3xx_HAL_Driver/Src/stm32f3xx_hal_tim.o
 .debug_info    0x0000c681     0x156d ./Drivers/STM32F3xx_HAL_Driver/Src/stm32f3xx_hal_tim_ex.o
 .debug_info    0x0000dbee     0x39a8 ./Drivers/STM32F3xx_HAL_Driver/Src/stm32f3xx_hal_uart.o

.debug_abbrev   0x00000000     0x24a2
 .debug_abbrev  0x00000000      0x237 ./Core/Src/button_control.o
 .debug_abbrev  0x00000237       0x90 ./Core/Src/eeprom_control.o
 .debug_abbrev  0x000002c7      0x1d6 ./Core/Src/led_control.o
 .debug_abbrev  0x0000049d      0x320 ./Core/Src/main.o
 .debug_abbrev  0x000007bd      0x13c ./Core/Src/motor_control.o
 .debug_abbrev  0x000008f9      0x212 ./Core/Src/stm32f3xx_hal_msp.o
 .debug_abbrev  0x00000b0b       0x73 ./Core/Src/stm32f3xx_it.o
 .debug_abbrev  0x00000b7e      0x11a ./Core/Src/system_stm32f3xx.o
 .debug_abbrev  0x00000c98       0x24 ./Core/Startup/startup_stm32f303k8tx.o
 .debug_abbrev  0x00000cbc      0x215 ./Drivers/STM32F3xx_HAL_Driver/Src/stm32f3xx_hal.o
 .debug_abbrev  0x00000ed1      0x2f8 ./Drivers/STM32F3xx_HAL_Driver/Src/stm32f3xx_hal_cortex.o
 .debug_abbrev  0x000011c9      0x1ca ./Drivers/STM32F3xx_HAL_Driver/Src/stm32f3xx_hal_gpio.o
 .debug_abbrev  0x00001393      0x260 ./Drivers/STM32F3xx_HAL_Driver/Src/stm32f3xx_hal_i2c.o
 .debug_abbrev  0x000015f3      0x1c2 ./Drivers/STM32F3xx_HAL_Driver/Src/stm32f3xx_hal_i2c_ex.o
 .debug_abbrev  0x000017b5      0x300 ./Drivers/STM32F3xx_HAL_Driver/Src/stm32f3xx_hal_rcc.o
 .debug_abbrev  0x00001ab5      0x221 ./Drivers/STM32F3xx_HAL_Driver/Src/stm32f3xx_hal_rcc_ex.o
 .debug_abbrev  0x00001cd6      0x278 ./Drivers/STM32F3xx_HAL_Driver/Src/stm32f3xx_hal_tim.o
 .debug_abbrev  0x00001f4e      0x283 ./Drivers/STM32F3xx_HAL_Driver/Src/stm32f3xx_hal_tim_ex.o
 .debug_abbrev  0x000021d1      0x2d1 ./Drivers/STM32F3xx_HAL_Driver/Src/stm32f3xx_hal_uart.o

.debug_aranges  0x00000000      0xfa8
 .debug_aranges
                0x00000000       0x38 ./Core/Src/button_control.o
 .debug_aranges
                0x00000038       0x38 ./Core/Src/eeprom_control.o
 .debug_aranges
                0x00000070       0x50 ./Core/Src/led_control.o
 .debug_aranges
                0x000000c0       0x58 ./Core/Src/main.o
 .debug_aranges
                0x00000118       0x30 ./Core/Src/motor_control.o
 .debug_aranges
                0x00000148       0x50 ./Core/Src/stm32f3xx_hal_msp.o
 .debug_aranges
                0x00000198       0x60 ./Core/Src/stm32f3xx_it.o
 .debug_aranges
                0x000001f8       0x28 ./Core/Src/system_stm32f3xx.o
 .debug_aranges
                0x00000220       0x28 ./Core/Startup/startup_stm32f303k8tx.o
 .debug_aranges
                0x00000248       0xe0 ./Drivers/STM32F3xx_HAL_Driver/Src/stm32f3xx_hal.o
 .debug_aranges
                0x00000328      0x100 ./Drivers/STM32F3xx_HAL_Driver/Src/stm32f3xx_hal_cortex.o
 .debug_aranges
                0x00000428       0x58 ./Drivers/STM32F3xx_HAL_Driver/Src/stm32f3xx_hal_gpio.o
 .debug_aranges
                0x00000480      0x2a0 ./Drivers/STM32F3xx_HAL_Driver/Src/stm32f3xx_hal_i2c.o
 .debug_aranges
                0x00000720       0x48 ./Drivers/STM32F3xx_HAL_Driver/Src/stm32f3xx_hal_i2c_ex.o
 .debug_aranges
                0x00000768       0x88 ./Drivers/STM32F3xx_HAL_Driver/Src/stm32f3xx_hal_rcc.o
 .debug_aranges
                0x000007f0       0x38 ./Drivers/STM32F3xx_HAL_Driver/Src/stm32f3xx_hal_rcc_ex.o
 .debug_aranges
                0x00000828      0x3e0 ./Drivers/STM32F3xx_HAL_Driver/Src/stm32f3xx_hal_tim.o
 .debug_aranges
                0x00000c08      0x178 ./Drivers/STM32F3xx_HAL_Driver/Src/stm32f3xx_hal_tim_ex.o
 .debug_aranges
                0x00000d80      0x228 ./Drivers/STM32F3xx_HAL_Driver/Src/stm32f3xx_hal_uart.o

.debug_rnglists
                0x00000000      0xc50
 .debug_rnglists
                0x00000000       0x28 ./Core/Src/button_control.o
 .debug_rnglists
                0x00000028       0x25 ./Core/Src/eeprom_control.o
 .debug_rnglists
                0x0000004d       0x38 ./Core/Src/led_control.o
 .debug_rnglists
                0x00000085       0x43 ./Core/Src/main.o
 .debug_rnglists
                0x000000c8       0x1f ./Core/Src/motor_control.o
 .debug_rnglists
                0x000000e7       0x39 ./Core/Src/stm32f3xx_hal_msp.o
 .debug_rnglists
                0x00000120       0x43 ./Core/Src/stm32f3xx_it.o
 .debug_rnglists
                0x00000163       0x1a ./Core/Src/system_stm32f3xx.o
 .debug_rnglists
                0x0000017d       0x19 ./Core/Startup/startup_stm32f303k8tx.o
 .debug_rnglists
                0x00000196       0xa3 ./Drivers/STM32F3xx_HAL_Driver/Src/stm32f3xx_hal.o
 .debug_rnglists
                0x00000239       0xbb ./Drivers/STM32F3xx_HAL_Driver/Src/stm32f3xx_hal_cortex.o
 .debug_rnglists
                0x000002f4       0x3f ./Drivers/STM32F3xx_HAL_Driver/Src/stm32f3xx_hal_gpio.o
 .debug_rnglists
                0x00000333      0x228 ./Drivers/STM32F3xx_HAL_Driver/Src/stm32f3xx_hal_i2c.o
 .debug_rnglists
                0x0000055b       0x35 ./Drivers/STM32F3xx_HAL_Driver/Src/stm32f3xx_hal_i2c_ex.o
 .debug_rnglists
                0x00000590       0x66 ./Drivers/STM32F3xx_HAL_Driver/Src/stm32f3xx_hal_rcc.o
 .debug_rnglists
                0x000005f6       0x27 ./Drivers/STM32F3xx_HAL_Driver/Src/stm32f3xx_hal_rcc_ex.o
 .debug_rnglists
                0x0000061d      0x328 ./Drivers/STM32F3xx_HAL_Driver/Src/stm32f3xx_hal_tim.o
 .debug_rnglists
                0x00000945      0x131 ./Drivers/STM32F3xx_HAL_Driver/Src/stm32f3xx_hal_tim_ex.o
 .debug_rnglists
                0x00000a76      0x1da ./Drivers/STM32F3xx_HAL_Driver/Src/stm32f3xx_hal_uart.o

.debug_macro    0x00000000    0x1c3ed
 .debug_macro   0x00000000      0x32f ./Core/Src/button_control.o
 .debug_macro   0x0000032f      0xab4 ./Core/Src/button_control.o
 .debug_macro   0x00000de3      0x157 ./Core/Src/button_control.o
 .debug_macro   0x00000f3a       0x2e ./Core/Src/button_control.o
 .debug_macro   0x00000f68       0x28 ./Core/Src/button_control.o
 .debug_macro   0x00000f90       0x22 ./Core/Src/button_control.o
 .debug_macro   0x00000fb2       0x8e ./Core/Src/button_control.o
 .debug_macro   0x00001040       0x51 ./Core/Src/button_control.o
 .debug_macro   0x00001091      0x103 ./Core/Src/button_control.o
 .debug_macro   0x00001194       0x6a ./Core/Src/button_control.o
 .debug_macro   0x000011fe      0x1df ./Core/Src/button_control.o
 .debug_macro   0x000013dd       0x1c ./Core/Src/button_control.o
 .debug_macro   0x000013f9       0x22 ./Core/Src/button_control.o
 .debug_macro   0x0000141b       0xd9 ./Core/Src/button_control.o
 .debug_macro   0x000014f4      0xf07 ./Core/Src/button_control.o
 .debug_macro   0x000023fb    0x10be0 ./Core/Src/button_control.o
 .debug_macro   0x00012fdb       0x6d ./Core/Src/button_control.o
 .debug_macro   0x00013048     0x3574 ./Core/Src/button_control.o
 .debug_macro   0x000165bc      0x189 ./Core/Src/button_control.o
 .debug_macro   0x00016745       0x55 ./Core/Src/button_control.o
 .debug_macro   0x0001679a      0x8f8 ./Core/Src/button_control.o
 .debug_macro   0x00017092      0x304 ./Core/Src/button_control.o
 .debug_macro   0x00017396      0x1b5 ./Core/Src/button_control.o
 .debug_macro   0x0001754b      0x11b ./Core/Src/button_control.o
 .debug_macro   0x00017666      0x1d5 ./Core/Src/button_control.o
 .debug_macro   0x0001783b      0x1bc ./Core/Src/button_control.o
 .debug_macro   0x000179f7       0x34 ./Core/Src/button_control.o
 .debug_macro   0x00017a2b       0x3c ./Core/Src/button_control.o
 .debug_macro   0x00017a67       0x57 ./Core/Src/button_control.o
 .debug_macro   0x00017abe       0xc5 ./Core/Src/button_control.o
 .debug_macro   0x00017b83      0x19f ./Core/Src/button_control.o
 .debug_macro   0x00017d22      0x22c ./Core/Src/button_control.o
 .debug_macro   0x00017f4e       0x5b ./Core/Src/button_control.o
 .debug_macro   0x00017fa9       0xa5 ./Core/Src/button_control.o
 .debug_macro   0x0001804e       0x81 ./Core/Src/button_control.o
 .debug_macro   0x000180cf       0xd3 ./Core/Src/button_control.o
 .debug_macro   0x000181a2      0xa60 ./Core/Src/button_control.o
 .debug_macro   0x00018c02       0x59 ./Core/Src/button_control.o
 .debug_macro   0x00018c5b      0x5ba ./Core/Src/button_control.o
 .debug_macro   0x00019215       0x44 ./Core/Src/button_control.o
 .debug_macro   0x00019259      0x285 ./Core/Src/button_control.o
 .debug_macro   0x000194de       0x61 ./Core/Src/button_control.o
 .debug_macro   0x0001953f       0x2a ./Core/Src/button_control.o
 .debug_macro   0x00019569       0x43 ./Core/Src/button_control.o
 .debug_macro   0x000195ac       0x34 ./Core/Src/button_control.o
 .debug_macro   0x000195e0       0x16 ./Core/Src/button_control.o
 .debug_macro   0x000195f6       0x35 ./Core/Src/button_control.o
 .debug_macro   0x0001962b      0x369 ./Core/Src/button_control.o
 .debug_macro   0x00019994       0x10 ./Core/Src/button_control.o
 .debug_macro   0x000199a4       0x16 ./Core/Src/button_control.o
 .debug_macro   0x000199ba       0x43 ./Core/Src/button_control.o
 .debug_macro   0x000199fd       0x34 ./Core/Src/button_control.o
 .debug_macro   0x00019a31       0x10 ./Core/Src/button_control.o
 .debug_macro   0x00019a41       0x58 ./Core/Src/button_control.o
 .debug_macro   0x00019a99       0x8e ./Core/Src/button_control.o
 .debug_macro   0x00019b27       0x1c ./Core/Src/button_control.o
 .debug_macro   0x00019b43      0x177 ./Core/Src/button_control.o
 .debug_macro   0x00019cba       0x16 ./Core/Src/button_control.o
 .debug_macro   0x00019cd0       0x16 ./Core/Src/button_control.o
 .debug_macro   0x00019ce6      0x146 ./Core/Src/button_control.o
 .debug_macro   0x00019e2c       0x16 ./Core/Src/button_control.o
 .debug_macro   0x00019e42       0x16 ./Core/Src/button_control.o
 .debug_macro   0x00019e58       0x29 ./Core/Src/button_control.o
 .debug_macro   0x00019e81       0x22 ./Core/Src/button_control.o
 .debug_macro   0x00019ea3       0x10 ./Core/Src/button_control.o
 .debug_macro   0x00019eb3       0x16 ./Core/Src/button_control.o
 .debug_macro   0x00019ec9       0x16 ./Core/Src/button_control.o
 .debug_macro   0x00019edf       0x20 ./Core/Src/button_control.o
 .debug_macro   0x00019eff       0x3a ./Core/Src/button_control.o
 .debug_macro   0x00019f39      0x2e4 ./Core/Src/eeprom_control.o
 .debug_macro   0x0001a21d      0x2e3 ./Core/Src/led_control.o
 .debug_macro   0x0001a500      0x338 ./Core/Src/main.o
 .debug_macro   0x0001a838       0x28 ./Core/Src/main.o
 .debug_macro   0x0001a860       0x10 ./Core/Src/main.o
 .debug_macro   0x0001a870       0x1c ./Core/Src/main.o
 .debug_macro   0x0001a88c       0x1c ./Core/Src/main.o
 .debug_macro   0x0001a8a8      0x2e3 ./Core/Src/motor_control.o
 .debug_macro   0x0001ab8b      0x1d4 ./Core/Src/stm32f3xx_hal_msp.o
 .debug_macro   0x0001ad5f      0x1de ./Core/Src/stm32f3xx_it.o
 .debug_macro   0x0001af3d      0x1c5 ./Core/Src/system_stm32f3xx.o
 .debug_macro   0x0001b102      0x1e9 ./Drivers/STM32F3xx_HAL_Driver/Src/stm32f3xx_hal.o
 .debug_macro   0x0001b2eb      0x1c5 ./Drivers/STM32F3xx_HAL_Driver/Src/stm32f3xx_hal_cortex.o
 .debug_macro   0x0001b4b0      0x1cc ./Drivers/STM32F3xx_HAL_Driver/Src/stm32f3xx_hal_gpio.o
 .debug_macro   0x0001b67c      0x291 ./Drivers/STM32F3xx_HAL_Driver/Src/stm32f3xx_hal_i2c.o
 .debug_macro   0x0001b90d      0x1c5 ./Drivers/STM32F3xx_HAL_Driver/Src/stm32f3xx_hal_i2c_ex.o
 .debug_macro   0x0001bad2      0x1e9 ./Drivers/STM32F3xx_HAL_Driver/Src/stm32f3xx_hal_rcc.o
 .debug_macro   0x0001bcbb      0x1c5 ./Drivers/STM32F3xx_HAL_Driver/Src/stm32f3xx_hal_rcc_ex.o
 .debug_macro   0x0001be80      0x1c6 ./Drivers/STM32F3xx_HAL_Driver/Src/stm32f3xx_hal_tim.o
 .debug_macro   0x0001c046      0x1c5 ./Drivers/STM32F3xx_HAL_Driver/Src/stm32f3xx_hal_tim_ex.o
 .debug_macro   0x0001c20b      0x1e2 ./Drivers/STM32F3xx_HAL_Driver/Src/stm32f3xx_hal_uart.o

.debug_line     0x00000000    0x15870
 .debug_line    0x00000000      0xacb ./Core/Src/button_control.o
 .debug_line    0x00000acb      0x92f ./Core/Src/eeprom_control.o
 .debug_line    0x000013fa      0x9f7 ./Core/Src/led_control.o
 .debug_line    0x00001df1      0xbc2 ./Core/Src/main.o
 .debug_line    0x000029b3      0x94a ./Core/Src/motor_control.o
 .debug_line    0x000032fd      0x85e ./Core/Src/stm32f3xx_hal_msp.o
 .debug_line    0x00003b5b      0x82d ./Core/Src/stm32f3xx_it.o
 .debug_line    0x00004388      0x7e4 ./Core/Src/system_stm32f3xx.o
 .debug_line    0x00004b6c       0x7a ./Core/Startup/startup_stm32f303k8tx.o
 .debug_line    0x00004be6      0xa1c ./Drivers/STM32F3xx_HAL_Driver/Src/stm32f3xx_hal.o
 .debug_line    0x00005602      0xc02 ./Drivers/STM32F3xx_HAL_Driver/Src/stm32f3xx_hal_cortex.o
 .debug_line    0x00006204      0xb7f ./Drivers/STM32F3xx_HAL_Driver/Src/stm32f3xx_hal_gpio.o
 .debug_line    0x00006d83     0x3a93 ./Drivers/STM32F3xx_HAL_Driver/Src/stm32f3xx_hal_i2c.o
 .debug_line    0x0000a816      0x988 ./Drivers/STM32F3xx_HAL_Driver/Src/stm32f3xx_hal_i2c_ex.o
 .debug_line    0x0000b19e     0x13b0 ./Drivers/STM32F3xx_HAL_Driver/Src/stm32f3xx_hal_rcc.o
 .debug_line    0x0000c54e      0xaa6 ./Drivers/STM32F3xx_HAL_Driver/Src/stm32f3xx_hal_rcc_ex.o
 .debug_line    0x0000cff4     0x3cfa ./Drivers/STM32F3xx_HAL_Driver/Src/stm32f3xx_hal_tim.o
 .debug_line    0x00010cee     0x1a88 ./Drivers/STM32F3xx_HAL_Driver/Src/stm32f3xx_hal_tim_ex.o
 .debug_line    0x00012776     0x30fa ./Drivers/STM32F3xx_HAL_Driver/Src/stm32f3xx_hal_uart.o

.debug_str      0x00000000    0xa5800
 .debug_str     0x00000000    0xa12e4 ./Core/Src/button_control.o
                              0xa1651 (size before relaxing)
 .debug_str     0x000a12e4       0x43 ./Core/Src/eeprom_control.o
                              0xa0e54 (size before relaxing)
 .debug_str     0x000a1327       0xab ./Core/Src/led_control.o
                              0xa1451 (size before relaxing)
 .debug_str     0x000a13d2      0x962 ./Core/Src/main.o
                              0xa1fca (size before relaxing)
 .debug_str     0x000a1d34       0x2d ./Core/Src/motor_control.o
                              0xa0ef9 (size before relaxing)
 .debug_str     0x000a1d61       0xc3 ./Core/Src/stm32f3xx_hal_msp.o
                              0x9e1f2 (size before relaxing)
 .debug_str     0x000a1e24       0xc9 ./Core/Src/stm32f3xx_it.o
                              0x9d70a (size before relaxing)
 .debug_str     0x000a1eed       0xe9 ./Core/Src/system_stm32f3xx.o
                              0x9d71a (size before relaxing)
 .debug_str     0x000a1fd6       0x44 ./Core/Startup/startup_stm32f303k8tx.o
                                 0x6f (size before relaxing)
 .debug_str     0x000a201a      0x5f3 ./Drivers/STM32F3xx_HAL_Driver/Src/stm32f3xx_hal.o
                              0x9de0a (size before relaxing)
 .debug_str     0x000a260d      0x25d ./Drivers/STM32F3xx_HAL_Driver/Src/stm32f3xx_hal_cortex.o
                              0x9dd2f (size before relaxing)
 .debug_str     0x000a286a      0x16e ./Drivers/STM32F3xx_HAL_Driver/Src/stm32f3xx_hal_gpio.o
                              0x9d8f9 (size before relaxing)
 .debug_str     0x000a29d8      0xe7c ./Drivers/STM32F3xx_HAL_Driver/Src/stm32f3xx_hal_i2c.o
                              0x9ea1a (size before relaxing)
 .debug_str     0x000a3854       0xb8 ./Drivers/STM32F3xx_HAL_Driver/Src/stm32f3xx_hal_i2c_ex.o
                              0x9dc97 (size before relaxing)
 .debug_str     0x000a390c      0x2c6 ./Drivers/STM32F3xx_HAL_Driver/Src/stm32f3xx_hal_rcc.o
                              0x9dbba (size before relaxing)
 .debug_str     0x000a3bd2       0xbe ./Drivers/STM32F3xx_HAL_Driver/Src/stm32f3xx_hal_rcc_ex.o
                              0x9d8b9 (size before relaxing)
 .debug_str     0x000a3c90      0xe15 ./Drivers/STM32F3xx_HAL_Driver/Src/stm32f3xx_hal_tim.o
                              0x9eb51 (size before relaxing)
 .debug_str     0x000a4aa5      0x4dc ./Drivers/STM32F3xx_HAL_Driver/Src/stm32f3xx_hal_tim_ex.o
                              0x9e397 (size before relaxing)
 .debug_str     0x000a4f81      0x87f ./Drivers/STM32F3xx_HAL_Driver/Src/stm32f3xx_hal_uart.o
                              0x9e43d (size before relaxing)

.comment        0x00000000       0x43
 .comment       0x00000000       0x43 ./Core/Src/button_control.o
                                 0x44 (size before relaxing)
 .comment       0x00000043       0x44 ./Core/Src/eeprom_control.o
 .comment       0x00000043       0x44 ./Core/Src/led_control.o
 .comment       0x00000043       0x44 ./Core/Src/main.o
 .comment       0x00000043       0x44 ./Core/Src/motor_control.o
 .comment       0x00000043       0x44 ./Core/Src/stm32f3xx_hal_msp.o
 .comment       0x00000043       0x44 ./Core/Src/stm32f3xx_it.o
 .comment       0x00000043       0x44 ./Core/Src/system_stm32f3xx.o
 .comment       0x00000043       0x44 ./Drivers/STM32F3xx_HAL_Driver/Src/stm32f3xx_hal.o
 .comment       0x00000043       0x44 ./Drivers/STM32F3xx_HAL_Driver/Src/stm32f3xx_hal_cortex.o
 .comment       0x00000043       0x44 ./Drivers/STM32F3xx_HAL_Driver/Src/stm32f3xx_hal_gpio.o
 .comment       0x00000043       0x44 ./Drivers/STM32F3xx_HAL_Driver/Src/stm32f3xx_hal_i2c.o
 .comment       0x00000043       0x44 ./Drivers/STM32F3xx_HAL_Driver/Src/stm32f3xx_hal_i2c_ex.o
 .comment       0x00000043       0x44 ./Drivers/STM32F3xx_HAL_Driver/Src/stm32f3xx_hal_rcc.o
 .comment       0x00000043       0x44 ./Drivers/STM32F3xx_HAL_Driver/Src/stm32f3xx_hal_rcc_ex.o
 .comment       0x00000043       0x44 ./Drivers/STM32F3xx_HAL_Driver/Src/stm32f3xx_hal_tim.o
 .comment       0x00000043       0x44 ./Drivers/STM32F3xx_HAL_Driver/Src/stm32f3xx_hal_tim_ex.o
 .comment       0x00000043       0x44 ./Drivers/STM32F3xx_HAL_Driver/Src/stm32f3xx_hal_uart.o

.debug_frame    0x00000000     0x41d0
 .debug_frame   0x00000000       0xa4 ./Core/Src/button_control.o
 .debug_frame   0x000000a4       0xa0 ./Core/Src/eeprom_control.o
 .debug_frame   0x00000144       0xf0 ./Core/Src/led_control.o
 .debug_frame   0x00000234      0x120 ./Core/Src/main.o
 .debug_frame   0x00000354       0x6c ./Core/Src/motor_control.o
 .debug_frame   0x000003c0      0x118 ./Core/Src/stm32f3xx_hal_msp.o
 .debug_frame   0x000004d8      0x104 ./Core/Src/stm32f3xx_it.o
 .debug_frame   0x000005dc       0x58 ./Core/Src/system_stm32f3xx.o
 .debug_frame   0x00000634      0x334 ./Drivers/STM32F3xx_HAL_Driver/Src/stm32f3xx_hal.o
 .debug_frame   0x00000968      0x428 ./Drivers/STM32F3xx_HAL_Driver/Src/stm32f3xx_hal_cortex.o
 .debug_frame   0x00000d90      0x14c ./Drivers/STM32F3xx_HAL_Driver/Src/stm32f3xx_hal_gpio.o
 .debug_frame   0x00000edc      0xc38 ./Drivers/STM32F3xx_HAL_Driver/Src/stm32f3xx_hal_i2c.o
 .debug_frame   0x00001b14      0x100 ./Drivers/STM32F3xx_HAL_Driver/Src/stm32f3xx_hal_i2c_ex.o
 .debug_frame   0x00001c14      0x214 ./Drivers/STM32F3xx_HAL_Driver/Src/stm32f3xx_hal_rcc.o
 .debug_frame   0x00001e28       0xac ./Drivers/STM32F3xx_HAL_Driver/Src/stm32f3xx_hal_rcc_ex.o
 .debug_frame   0x00001ed4     0x1218 ./Drivers/STM32F3xx_HAL_Driver/Src/stm32f3xx_hal_tim.o
 .debug_frame   0x000030ec      0x688 ./Drivers/STM32F3xx_HAL_Driver/Src/stm32f3xx_hal_tim_ex.o
 .debug_frame   0x00003774      0x9e8 ./Drivers/STM32F3xx_HAL_Driver/Src/stm32f3xx_hal_uart.o
 .debug_frame   0x0000415c       0x20 C:/ST/STM32CubeIDE_1.16.0/STM32CubeIDE/plugins/com.st.stm32cube.ide.mcu.externaltools.gnu-tools-for-stm32.12.3.rel1.win32_1.0.200.202406191623/tools/bin/../lib/gcc/arm-none-eabi/12.3.1/../../../../arm-none-eabi/lib/thumb/v7e-m+fp/hard\libc_nano.a(libc_a-memset.o)
 .debug_frame   0x0000417c       0x2c C:/ST/STM32CubeIDE_1.16.0/STM32CubeIDE/plugins/com.st.stm32cube.ide.mcu.externaltools.gnu-tools-for-stm32.12.3.rel1.win32_1.0.200.202406191623/tools/bin/../lib/gcc/arm-none-eabi/12.3.1/../../../../arm-none-eabi/lib/thumb/v7e-m+fp/hard\libc_nano.a(libc_a-init.o)
 .debug_frame   0x000041a8       0x28 C:/ST/STM32CubeIDE_1.16.0/STM32CubeIDE/plugins/com.st.stm32cube.ide.mcu.externaltools.gnu-tools-for-stm32.12.3.rel1.win32_1.0.200.202406191623/tools/bin/../lib/gcc/arm-none-eabi/12.3.1/../../../../arm-none-eabi/lib/thumb/v7e-m+fp/hard\libc_nano.a(libc_a-memcpy-stub.o)

.debug_line_str
                0x00000000       0x53
 .debug_line_str
                0x00000000       0x53 ./Core/Startup/startup_stm32f303k8tx.o
